interactions:
- request:
    body: null
    headers:
      Accept:
      - '*/*'
      Accept-Encoding:
      - gzip, deflate
      Connection:
      - keep-alive
      User-Agent:
      - pano-cli/0.7.4
    method: GET
    uri: https://a1.panocdn.com/updates/pano-cli/versions.json
  response:
    body:
      string: '{"latest_version": "0.7.4", "minimum_supported_version": "0.7.4"}'
    headers:
      Accept-Ranges:
      - bytes
      Age:
      - '1'
      Cache-Control:
      - max-age=60
      Connection:
      - keep-alive
      Content-Length:
      - '65'
      Content-Type:
      - application/json
      Date:
      - Mon, 03 Aug 2020 09:14:06 GMT
      ETag:
      - '"6867b00a67be82dc6de1129f91a96f9f"'
      Last-Modified:
      - Thu, 23 Jul 2020 14:02:32 GMT
      Server:
      - AmazonS3
      Via:
      - 1.1 a20436c6d109fe9002d093f519ad4399.cloudfront.net (CloudFront)
      X-Amz-Cf-Id:
      - oFev2N-POCmK_SHjSGnMflyAit0DFGvOprHin8b4dZbeWphKpffQ3Q==
      X-Amz-Cf-Pop:
      - IAD89-C2
      X-Cache:
      - Hit from cloudfront
      x-amz-replication-status:
      - COMPLETED
      x-amz-version-id:
      - zOCc8ujgfqK83SnQvzD1gK57thi41wdB
    status:
      code: 200
      message: OK
- request:
    body: grant_type=client_credentials&scope=platform
    headers:
      Accept:
      - application/json
      Accept-Encoding:
      - gzip, deflate
      Connection:
      - keep-alive
      Content-Length:
      - '44'
      Content-Type:
      - application/x-www-form-urlencoded;charset=UTF-8
      User-Agent:
      - python-requests/2.24.0
    method: POST
    uri: https://id.panoramichq.com/oauth2/aus5iy3utLXi3Ez4A4x6/v1/token
  response:
    body:
      string: '{"token_type": "Bearer", "expires_in": 3600, "access_token": "eyJhbGciOiJIUzI1NiIsInR5cCI6IkpXVCJ9.eyJzdWIiOiIxMjM0NTY3ODkwIiwibmFtZSI6IkpvaG4gRG9lIiwiaWF0IjoxNTE2MjM5MDIyfQ.SflKxwRJSMeKKF2QT4fwpMeJf36POk6yJV_adQssw5c",
        "scope": "platform"}'
    headers:
      Connection:
      - Keep-Alive
      Content-Type:
      - application/json;charset=UTF-8
      Date:
      - Mon, 03 Aug 2020 09:14:06 GMT
      Keep-Alive:
      - timeout=5, max=100
      Server:
      - nginx
      Strict-Transport-Security:
      - max-age=315360000
      Transfer-Encoding:
      - chunked
      X-Robots-Tag:
      - none
      cache-control:
      - no-cache, no-store
      expires:
      - '0'
      p3p:
      - CP="HONK"
      pragma:
      - no-cache
      set-cookie:
      - sid=""; Expires=Thu, 01-Jan-1970 00:00:10 GMT; Path=/
      - JSESSIONID=AB12684C85A2F429F3E76FFC34DE4755; Path=/; Secure; HttpOnly
      x-content-type-options:
      - nosniff
      x-okta-request-id:
      - XyfVXknVT0kmqYvByrVJswAABcs
      x-rate-limit-limit:
      - '600'
      x-rate-limit-remaining:
      - '592'
      x-rate-limit-reset:
      - '1596446097'
      x-xss-protection:
      - 1; mode=block; report=https://okta.report-uri.com/r/d/xss/enforce
    status:
      code: 200
      message: OK
- request:
    body: grant_type=client_credentials&scope=platform
    headers:
      Accept:
      - application/json
      Accept-Encoding:
      - gzip, deflate
      Connection:
      - keep-alive
      Content-Length:
      - '44'
      Content-Type:
      - application/x-www-form-urlencoded;charset=UTF-8
      User-Agent:
      - python-requests/2.24.0
    method: POST
    uri: https://id.panoramichq.com/oauth2/aus5iy3utLXi3Ez4A4x6/v1/token
  response:
    body:
      string: '{"token_type": "Bearer", "expires_in": 3600, "access_token": "eyJhbGciOiJIUzI1NiIsInR5cCI6IkpXVCJ9.eyJzdWIiOiIxMjM0NTY3ODkwIiwibmFtZSI6IkpvaG4gRG9lIiwiaWF0IjoxNTE2MjM5MDIyfQ.SflKxwRJSMeKKF2QT4fwpMeJf36POk6yJV_adQssw5c",
        "scope": "platform"}'
    headers:
      Connection:
      - Keep-Alive
      Content-Type:
      - application/json;charset=UTF-8
      Date:
      - Mon, 03 Aug 2020 09:14:07 GMT
      Keep-Alive:
      - timeout=5, max=100
      Server:
      - nginx
      Strict-Transport-Security:
      - max-age=315360000
      Transfer-Encoding:
      - chunked
      X-Robots-Tag:
      - none
      cache-control:
      - no-cache, no-store
      expires:
      - '0'
      p3p:
      - CP="HONK"
      pragma:
      - no-cache
      set-cookie:
      - sid=""; Expires=Thu, 01-Jan-1970 00:00:10 GMT; Path=/
      - JSESSIONID=FA7DEABA7BAB191AC0E9DD903838E808; Path=/; Secure; HttpOnly
      x-content-type-options:
      - nosniff
      x-okta-request-id:
      - XyfVX6Ug5PXk@foQQSORVAAAAPo
      x-rate-limit-limit:
      - '600'
      x-rate-limit-remaining:
      - '591'
      x-rate-limit-reset:
      - '1596446097'
      x-xss-protection:
      - 1; mode=block; report=https://okta.report-uri.com/r/d/xss/enforce
    status:
      code: 200
      message: OK
- request:
    body: null
    headers:
      Accept:
      - '*/*'
      Accept-Encoding:
      - gzip, deflate
      Connection:
      - keep-alive
      Content-Length:
      - '0'
      User-Agent:
      - python-requests/2.24.0
    method: POST
    uri: https://diesel.panoramicstg.com/api/v1/federated/metadata/SF/tables?company_slug=operam&table_filter=METRICS3_STG.ADWORDS_VIEWS.ENTITY%25
  response:
    body:
      string: '{"job_id":"20d82aa0-4985-2096-3844-11863e06d700"}

'
    headers:
      Connection:
      - keep-alive
      Content-Length:
      - '50'
      Content-Type:
      - application/json
      Date:
      - Mon, 03 Aug 2020 09:14:08 GMT
      Via:
      - kong/2.0.3
      X-Amzn-Trace-Id:
      - None
      X-Kong-Proxy-Latency:
      - '1'
      X-Kong-Upstream-Latency:
      - '207'
      x-diesel-request-id:
      - 707ea25f-3aa7-460f-b42e-34605057f073
    status:
      code: 200
      message: OK
- request:
    body: null
    headers:
      Accept:
      - '*/*'
      Accept-Encoding:
      - gzip, deflate
      Connection:
      - keep-alive
      User-Agent:
      - python-requests/2.24.0
    method: GET
    uri: https://diesel.panoramicstg.com/api/v1/federated/metadata/job/20d82aa0-4985-2096-3844-11863e06d700
  response:
    body:
      string: '{"job_status":"COMPLETED"}

'
    headers:
      Connection:
      - keep-alive
      Content-Length:
      - '27'
      Content-Type:
      - application/json
      Date:
      - Mon, 03 Aug 2020 09:14:08 GMT
      Via:
      - kong/2.0.3
      X-Amzn-Trace-Id:
      - None
      X-Kong-Proxy-Latency:
      - '1'
      X-Kong-Upstream-Latency:
      - '178'
      x-diesel-request-id:
      - 959bbdea-b797-471b-8a99-85e8081050f8
    status:
      code: 200
      message: OK
- request:
    body: null
    headers:
      Accept:
      - '*/*'
      Accept-Encoding:
      - gzip, deflate
      Connection:
      - keep-alive
      User-Agent:
      - python-requests/2.24.0
    method: GET
    uri: https://diesel.panoramicstg.com/api/v1/federated/metadata/job/20d82aa0-4985-2096-3844-11863e06d700/results?offset=0&limit=500
  response:
    body:
      string: '{"data":[{"table_name":"ENTITY_ACCOUNTS","table_schema":"SF.METRICS3_STG.ADWORDS_VIEWS"},{"table_name":"ENTITY_ADGROUPS","table_schema":"SF.METRICS3_STG.ADWORDS_VIEWS"},{"table_name":"ENTITY_ADGROUPS_FROM_SERVICE","table_schema":"SF.METRICS3_STG.ADWORDS_VIEWS"},{"table_name":"ENTITY_ADS","table_schema":"SF.METRICS3_STG.ADWORDS_VIEWS"},{"table_name":"ENTITY_ADS_FROM_SERVICE","table_schema":"SF.METRICS3_STG.ADWORDS_VIEWS"},{"table_name":"ENTITY_ADVIDEOS","table_schema":"SF.METRICS3_STG.ADWORDS_VIEWS"},{"table_name":"ENTITY_CAMPAIGNS","table_schema":"SF.METRICS3_STG.ADWORDS_VIEWS"},{"table_name":"ENTITY_CAMPAIGNS_CRITERION","table_schema":"SF.METRICS3_STG.ADWORDS_VIEWS"},{"table_name":"ENTITY_CAMPAIGNS_FROM_SERVICE","table_schema":"SF.METRICS3_STG.ADWORDS_VIEWS"},{"table_name":"ENTITY_USER_LISTS","table_schema":"SF.METRICS3_STG.ADWORDS_VIEWS"}]}

'
    headers:
      Connection:
      - keep-alive
      Content-Length:
      - '855'
      Content-Type:
      - application/json
      Date:
      - Mon, 03 Aug 2020 09:14:08 GMT
      Via:
      - kong/2.0.3
      X-Amzn-Trace-Id:
      - None
      X-Kong-Proxy-Latency:
      - '1'
      X-Kong-Upstream-Latency:
      - '19'
      x-diesel-request-id:
      - b7635e44-bd80-4905-bc0c-578d03c01fba
    status:
      code: 200
      message: OK
- request:
    body: null
    headers:
      Accept:
      - '*/*'
      Accept-Encoding:
      - gzip, deflate
      Connection:
      - keep-alive
      Content-Length:
      - '0'
      User-Agent:
      - python-requests/2.24.0
    method: POST
    uri: https://diesel.panoramicstg.com/api/v1/federated/metadata/SF/refresh?table_name=METRICS3_STG.ADWORDS_VIEWS.ENTITY_ACCOUNTS&company_slug=operam
  response:
    body:
      string: '{"job_id":"20d82a9e-8cd9-ac7e-cdf1-c062a2018800"}

'
    headers:
      Connection:
      - keep-alive
      Content-Length:
      - '50'
      Content-Type:
      - application/json
      Date:
      - Mon, 03 Aug 2020 09:14:08 GMT
      Via:
      - kong/2.0.3
      X-Amzn-Trace-Id:
      - None
      X-Kong-Proxy-Latency:
      - '1'
      X-Kong-Upstream-Latency:
      - '22'
      x-diesel-request-id:
      - 16042727-92fa-4253-a366-3e765b1a7146
    status:
      code: 200
      message: OK
- request:
    body: null
    headers:
      Accept:
      - '*/*'
      Accept-Encoding:
      - gzip, deflate
      Connection:
      - keep-alive
      User-Agent:
      - python-requests/2.24.0
    method: GET
    uri: https://diesel.panoramicstg.com/api/v1/federated/metadata/job/20d82a9e-8cd9-ac7e-cdf1-c062a2018800
  response:
    body:
      string: '{"job_status":"METADATA_RETRIEVAL"}

'
    headers:
      Connection:
      - keep-alive
      Content-Length:
      - '36'
      Content-Type:
      - application/json
      Date:
      - Mon, 03 Aug 2020 09:14:09 GMT
      Via:
      - kong/2.0.3
      X-Amzn-Trace-Id:
      - None
      X-Kong-Proxy-Latency:
      - '0'
      X-Kong-Upstream-Latency:
      - '17'
      x-diesel-request-id:
      - 8421e9cb-2b34-4dd3-8322-15a303ad0e21
    status:
      code: 200
      message: OK
- request:
    body: null
    headers:
      Accept:
      - '*/*'
      Accept-Encoding:
      - gzip, deflate
      Connection:
      - keep-alive
      User-Agent:
      - python-requests/2.24.0
    method: GET
    uri: https://diesel.panoramicstg.com/api/v1/federated/metadata/job/20d82a9e-8cd9-ac7e-cdf1-c062a2018800
  response:
    body:
      string: '{"job_status":"METADATA_RETRIEVAL"}

'
    headers:
      Connection:
      - keep-alive
      Content-Length:
      - '36'
      Content-Type:
      - application/json
      Date:
      - Mon, 03 Aug 2020 09:14:10 GMT
      Via:
      - kong/2.0.3
      X-Amzn-Trace-Id:
      - None
      X-Kong-Proxy-Latency:
      - '1'
      X-Kong-Upstream-Latency:
      - '17'
      x-diesel-request-id:
      - ed5763e1-232c-477c-aa5e-8a81b5b42647
    status:
      code: 200
      message: OK
- request:
    body: null
    headers:
      Accept:
      - '*/*'
      Accept-Encoding:
      - gzip, deflate
      Connection:
      - keep-alive
      User-Agent:
      - python-requests/2.24.0
    method: GET
    uri: https://diesel.panoramicstg.com/api/v1/federated/metadata/job/20d82a9e-8cd9-ac7e-cdf1-c062a2018800
  response:
    body:
      string: '{"job_status":"COMPLETED"}

'
    headers:
      Connection:
      - keep-alive
      Content-Length:
      - '27'
      Content-Type:
      - application/json
      Date:
      - Mon, 03 Aug 2020 09:14:11 GMT
      Via:
      - kong/2.0.3
      X-Amzn-Trace-Id:
      - None
      X-Kong-Proxy-Latency:
      - '1'
      X-Kong-Upstream-Latency:
      - '17'
      x-diesel-request-id:
      - 90aa3f6a-d713-4910-a373-cf41e8dad4c1
    status:
      code: 200
      message: OK
- request:
    body: null
    headers:
      Accept:
      - '*/*'
      Accept-Encoding:
      - gzip, deflate
      Connection:
      - keep-alive
      Content-Length:
      - '0'
      User-Agent:
      - python-requests/2.24.0
    method: POST
    uri: https://diesel.panoramicstg.com/api/v1/federated/metadata/SF/columns?company_slug=operam&table_filter=METRICS3_STG.ADWORDS_VIEWS.ENTITY_ACCOUNTS
  response:
    body:
      string: '{"job_id":"20d82a9c-7367-c4f0-2bcc-99f2788b3b00"}

'
    headers:
      Connection:
      - keep-alive
      Content-Length:
      - '50'
      Content-Type:
      - application/json
      Date:
      - Mon, 03 Aug 2020 09:14:11 GMT
      Via:
      - kong/2.0.3
      X-Amzn-Trace-Id:
      - None
      X-Kong-Proxy-Latency:
      - '1'
      X-Kong-Upstream-Latency:
      - '21'
      x-diesel-request-id:
      - a4980740-0620-42dd-b12d-9a41507d9685
    status:
      code: 200
      message: OK
- request:
    body: null
    headers:
      Accept:
      - '*/*'
      Accept-Encoding:
      - gzip, deflate
      Connection:
      - keep-alive
      User-Agent:
      - python-requests/2.24.0
    method: GET
    uri: https://diesel.panoramicstg.com/api/v1/federated/metadata/job/20d82a9c-7367-c4f0-2bcc-99f2788b3b00
  response:
    body:
      string: '{"job_status":"RUNNING"}

'
    headers:
      Connection:
      - keep-alive
      Content-Length:
      - '25'
      Content-Type:
      - application/json
      Date:
      - Mon, 03 Aug 2020 09:14:11 GMT
      Via:
      - kong/2.0.3
      X-Amzn-Trace-Id:
      - None
      X-Kong-Proxy-Latency:
      - '1'
      X-Kong-Upstream-Latency:
      - '17'
      x-diesel-request-id:
      - 526530f6-984b-4ab7-ae9d-438527e16d9f
    status:
      code: 200
      message: OK
- request:
    body: null
    headers:
      Accept:
      - '*/*'
      Accept-Encoding:
      - gzip, deflate
      Connection:
      - keep-alive
      User-Agent:
      - python-requests/2.24.0
    method: GET
    uri: https://diesel.panoramicstg.com/api/v1/federated/metadata/job/20d82a9c-7367-c4f0-2bcc-99f2788b3b00
  response:
    body:
      string: '{"job_status":"COMPLETED"}

'
    headers:
      Connection:
      - keep-alive
      Content-Length:
      - '27'
      Content-Type:
      - application/json
      Date:
      - Mon, 03 Aug 2020 09:14:12 GMT
      Via:
      - kong/2.0.3
      X-Amzn-Trace-Id:
      - None
      X-Kong-Proxy-Latency:
      - '0'
      X-Kong-Upstream-Latency:
      - '16'
      x-diesel-request-id:
      - 747e1bde-0617-4d9d-a6a3-ebeaa6aa0f06
    status:
      code: 200
      message: OK
- request:
    body: null
    headers:
      Accept:
      - '*/*'
      Accept-Encoding:
      - gzip, deflate
      Connection:
      - keep-alive
      User-Agent:
      - python-requests/2.24.0
    method: GET
    uri: https://diesel.panoramicstg.com/api/v1/federated/metadata/job/20d82a9c-7367-c4f0-2bcc-99f2788b3b00/results?offset=0&limit=500
  response:
    body:
      string: '{"data":[{"column_default":null,"column_name":"__API_VERSION","data_type":"CHARACTER
        VARYING","is_nullable":"YES","ordinal_position":1,"table_name":"ENTITY_ACCOUNTS","table_schema":"SF.METRICS3_STG.ADWORDS_VIEWS"},{"column_default":null,"column_name":"__DATA","data_type":"CHARACTER
        VARYING","is_nullable":"YES","ordinal_position":2,"table_name":"ENTITY_ACCOUNTS","table_schema":"SF.METRICS3_STG.ADWORDS_VIEWS"},{"column_default":null,"column_name":"__EXTRACTED_AT","data_type":"TIMESTAMP","is_nullable":"YES","ordinal_position":3,"table_name":"ENTITY_ACCOUNTS","table_schema":"SF.METRICS3_STG.ADWORDS_VIEWS"},{"column_default":null,"column_name":"__PROCESSED_AT","data_type":"TIMESTAMP","is_nullable":"YES","ordinal_position":4,"table_name":"ENTITY_ACCOUNTS","table_schema":"SF.METRICS3_STG.ADWORDS_VIEWS"},{"column_default":null,"column_name":"__RECORD_ID","data_type":"CHARACTER
        VARYING","is_nullable":"YES","ordinal_position":5,"table_name":"ENTITY_ACCOUNTS","table_schema":"SF.METRICS3_STG.ADWORDS_VIEWS"},{"column_default":null,"column_name":"CUSTOMER_ID","data_type":"CHARACTER
        VARYING","is_nullable":"YES","ordinal_position":6,"table_name":"ENTITY_ACCOUNTS","table_schema":"SF.METRICS3_STG.ADWORDS_VIEWS"},{"column_default":null,"column_name":"CONVERSION_TRACKING_SETTINGS__EFFECTIVE_CONVERSION_TRACKING_ID","data_type":"CHARACTER
        VARYING","is_nullable":"YES","ordinal_position":7,"table_name":"ENTITY_ACCOUNTS","table_schema":"SF.METRICS3_STG.ADWORDS_VIEWS"},{"column_default":null,"column_name":"CONVERSION_TRACKING_SETTINGS__USES_CROSS_ACCOUNT_CONVERSION_TRACKING","data_type":"BOOLEAN","is_nullable":"YES","ordinal_position":8,"table_name":"ENTITY_ACCOUNTS","table_schema":"SF.METRICS3_STG.ADWORDS_VIEWS"},{"column_default":null,"column_name":"DESCRIPTIVE_NAME","data_type":"CHARACTER
        VARYING","is_nullable":"YES","ordinal_position":9,"table_name":"ENTITY_ACCOUNTS","table_schema":"SF.METRICS3_STG.ADWORDS_VIEWS"},{"column_default":null,"column_name":"CURRENCY_CODE","data_type":"CHARACTER
        VARYING","is_nullable":"YES","ordinal_position":10,"table_name":"ENTITY_ACCOUNTS","table_schema":"SF.METRICS3_STG.ADWORDS_VIEWS"},{"column_default":null,"column_name":"AUTO_TAGGING_ENABLED","data_type":"BOOLEAN","is_nullable":"YES","ordinal_position":11,"table_name":"ENTITY_ACCOUNTS","table_schema":"SF.METRICS3_STG.ADWORDS_VIEWS"},{"column_default":null,"column_name":"CAN_MANAGE_CLIENTS","data_type":"BOOLEAN","is_nullable":"YES","ordinal_position":12,"table_name":"ENTITY_ACCOUNTS","table_schema":"SF.METRICS3_STG.ADWORDS_VIEWS"},{"column_default":null,"column_name":"DATE_TIMEZONE","data_type":"CHARACTER
        VARYING","is_nullable":"YES","ordinal_position":13,"table_name":"ENTITY_ACCOUNTS","table_schema":"SF.METRICS3_STG.ADWORDS_VIEWS"},{"column_default":null,"column_name":"FINAL_URL_SUFFIX","data_type":"CHARACTER
        VARYING","is_nullable":"YES","ordinal_position":14,"table_name":"ENTITY_ACCOUNTS","table_schema":"SF.METRICS3_STG.ADWORDS_VIEWS"},{"column_default":null,"column_name":"PARALLEL_TRACKING_ENABLED","data_type":"BOOLEAN","is_nullable":"YES","ordinal_position":15,"table_name":"ENTITY_ACCOUNTS","table_schema":"SF.METRICS3_STG.ADWORDS_VIEWS"},{"column_default":null,"column_name":"REMARKETING_SETTINGS__GOOGLE_GLOBAL_SITE_TAG","data_type":"CHARACTER
        VARYING","is_nullable":"YES","ordinal_position":16,"table_name":"ENTITY_ACCOUNTS","table_schema":"SF.METRICS3_STG.ADWORDS_VIEWS"},{"column_default":null,"column_name":"REMARKETING_SETTINGS__SNIPPET","data_type":"CHARACTER
        VARYING","is_nullable":"YES","ordinal_position":17,"table_name":"ENTITY_ACCOUNTS","table_schema":"SF.METRICS3_STG.ADWORDS_VIEWS"},{"column_default":null,"column_name":"TEST_ACCOUNT","data_type":"BOOLEAN","is_nullable":"YES","ordinal_position":18,"table_name":"ENTITY_ACCOUNTS","table_schema":"SF.METRICS3_STG.ADWORDS_VIEWS"},{"column_default":null,"column_name":"TRACKING_URL_TEMPLATE","data_type":"CHARACTER
        VARYING","is_nullable":"YES","ordinal_position":19,"table_name":"ENTITY_ACCOUNTS","table_schema":"SF.METRICS3_STG.ADWORDS_VIEWS"}]}

'
    headers:
      Connection:
      - keep-alive
      Content-Length:
      - '4029'
      Content-Type:
      - application/json
      Date:
      - Mon, 03 Aug 2020 09:14:12 GMT
      Via:
      - kong/2.0.3
      X-Amzn-Trace-Id:
      - None
      X-Kong-Proxy-Latency:
      - '0'
      X-Kong-Upstream-Latency:
      - '22'
      x-diesel-request-id:
      - a9d4a519-d0f0-4bd4-9f89-1c3b829adaf9
    status:
      code: 200
      message: OK
- request:
    body: null
    headers:
      Accept:
      - '*/*'
      Accept-Encoding:
      - gzip, deflate
      Connection:
      - keep-alive
      Content-Length:
      - '0'
      User-Agent:
      - python-requests/2.24.0
    method: POST
    uri: https://diesel.panoramicstg.com/api/v1/federated/metadata/SF/refresh?table_name=METRICS3_STG.ADWORDS_VIEWS.ENTITY_ADGROUPS&company_slug=operam
  response:
    body:
      string: '{"job_id":"20d82a9a-c103-0a4e-27a7-4d27ee931e00"}

'
    headers:
      Connection:
      - keep-alive
      Content-Length:
      - '50'
      Content-Type:
      - application/json
      Date:
      - Mon, 03 Aug 2020 09:14:12 GMT
      Via:
      - kong/2.0.3
      X-Amzn-Trace-Id:
      - None
      X-Kong-Proxy-Latency:
      - '1'
      X-Kong-Upstream-Latency:
      - '22'
      x-diesel-request-id:
      - 3f832592-fb16-45f4-8efd-2913477e449b
    status:
      code: 200
      message: OK
- request:
    body: null
    headers:
      Accept:
      - '*/*'
      Accept-Encoding:
      - gzip, deflate
      Connection:
      - keep-alive
      User-Agent:
      - python-requests/2.24.0
    method: GET
    uri: https://diesel.panoramicstg.com/api/v1/federated/metadata/job/20d82a9a-c103-0a4e-27a7-4d27ee931e00
  response:
    body:
      string: '{"job_status":"METADATA_RETRIEVAL"}

'
    headers:
      Connection:
      - keep-alive
      Content-Length:
      - '36'
      Content-Type:
      - application/json
      Date:
      - Mon, 03 Aug 2020 09:14:12 GMT
      Via:
      - kong/2.0.3
      X-Amzn-Trace-Id:
      - None
      X-Kong-Proxy-Latency:
      - '1'
      X-Kong-Upstream-Latency:
      - '14'
      x-diesel-request-id:
      - 07552b23-c3a6-49b0-b6e6-91d615f945d1
    status:
      code: 200
      message: OK
- request:
    body: null
    headers:
      Accept:
      - '*/*'
      Accept-Encoding:
      - gzip, deflate
      Connection:
      - keep-alive
      User-Agent:
      - python-requests/2.24.0
    method: GET
    uri: https://diesel.panoramicstg.com/api/v1/federated/metadata/job/20d82a9a-c103-0a4e-27a7-4d27ee931e00
  response:
    body:
      string: '{"job_status":"COMPLETED"}

'
    headers:
      Connection:
      - keep-alive
      Content-Length:
      - '27'
      Content-Type:
      - application/json
      Date:
      - Mon, 03 Aug 2020 09:14:14 GMT
      Via:
      - kong/2.0.3
      X-Amzn-Trace-Id:
      - None
      X-Kong-Proxy-Latency:
      - '0'
      X-Kong-Upstream-Latency:
      - '17'
      x-diesel-request-id:
      - 091db135-53e0-4b88-a479-69dfe0886d43
    status:
      code: 200
      message: OK
- request:
    body: null
    headers:
      Accept:
      - '*/*'
      Accept-Encoding:
      - gzip, deflate
      Connection:
      - keep-alive
      Content-Length:
      - '0'
      User-Agent:
      - python-requests/2.24.0
    method: POST
    uri: https://diesel.panoramicstg.com/api/v1/federated/metadata/SF/columns?company_slug=operam&table_filter=METRICS3_STG.ADWORDS_VIEWS.ENTITY_ADGROUPS
  response:
    body:
      string: '{"job_id":"20d82a99-7358-fd23-cde2-12f1f5e49200"}

'
    headers:
      Connection:
      - keep-alive
      Content-Length:
      - '50'
      Content-Type:
      - application/json
      Date:
      - Mon, 03 Aug 2020 09:14:14 GMT
      Via:
      - kong/2.0.3
      X-Amzn-Trace-Id:
      - None
      X-Kong-Proxy-Latency:
      - '1'
      X-Kong-Upstream-Latency:
      - '18'
      x-diesel-request-id:
      - 9d455657-1d08-4cf6-bf9e-23471d90f494
    status:
      code: 200
      message: OK
- request:
    body: null
    headers:
      Accept:
      - '*/*'
      Accept-Encoding:
      - gzip, deflate
      Connection:
      - keep-alive
      User-Agent:
      - python-requests/2.24.0
    method: GET
    uri: https://diesel.panoramicstg.com/api/v1/federated/metadata/job/20d82a99-7358-fd23-cde2-12f1f5e49200
  response:
    body:
      string: '{"job_status":"RUNNING"}

'
    headers:
      Connection:
      - keep-alive
      Content-Length:
      - '25'
      Content-Type:
      - application/json
      Date:
      - Mon, 03 Aug 2020 09:14:14 GMT
      Via:
      - kong/2.0.3
      X-Amzn-Trace-Id:
      - None
      X-Kong-Proxy-Latency:
      - '1'
      X-Kong-Upstream-Latency:
      - '16'
      x-diesel-request-id:
      - 67aec62a-0baf-41a8-ae46-e5d22f443a72
    status:
      code: 200
      message: OK
- request:
    body: null
    headers:
      Accept:
      - '*/*'
      Accept-Encoding:
      - gzip, deflate
      Connection:
      - keep-alive
      User-Agent:
      - python-requests/2.24.0
    method: GET
    uri: https://diesel.panoramicstg.com/api/v1/federated/metadata/job/20d82a99-7358-fd23-cde2-12f1f5e49200
  response:
    body:
      string: '{"job_status":"COMPLETED"}

'
    headers:
      Connection:
      - keep-alive
      Content-Length:
      - '27'
      Content-Type:
      - application/json
      Date:
      - Mon, 03 Aug 2020 09:14:15 GMT
      Via:
      - kong/2.0.3
      X-Amzn-Trace-Id:
      - None
      X-Kong-Proxy-Latency:
      - '1'
      X-Kong-Upstream-Latency:
      - '17'
      x-diesel-request-id:
      - 39e3d8ca-d9ea-4085-989b-aca685713358
    status:
      code: 200
      message: OK
- request:
    body: null
    headers:
      Accept:
      - '*/*'
      Accept-Encoding:
      - gzip, deflate
      Connection:
      - keep-alive
      User-Agent:
      - python-requests/2.24.0
    method: GET
    uri: https://diesel.panoramicstg.com/api/v1/federated/metadata/job/20d82a99-7358-fd23-cde2-12f1f5e49200/results?offset=0&limit=500
  response:
    body:
      string: '{"data":[{"column_default":null,"column_name":"__RECORD_ID","data_type":"CHARACTER
        VARYING","is_nullable":"YES","ordinal_position":1,"table_name":"ENTITY_ADGROUPS","table_schema":"SF.METRICS3_STG.ADWORDS_VIEWS"},{"column_default":null,"column_name":"__DATA","data_type":"CHARACTER
        VARYING","is_nullable":"YES","ordinal_position":2,"table_name":"ENTITY_ADGROUPS","table_schema":"SF.METRICS3_STG.ADWORDS_VIEWS"},{"column_default":null,"column_name":"__PROCESSED_AT","data_type":"TIMESTAMP","is_nullable":"YES","ordinal_position":3,"table_name":"ENTITY_ADGROUPS","table_schema":"SF.METRICS3_STG.ADWORDS_VIEWS"},{"column_default":null,"column_name":"__EXTRACTED_AT","data_type":"TIMESTAMP","is_nullable":"YES","ordinal_position":4,"table_name":"ENTITY_ADGROUPS","table_schema":"SF.METRICS3_STG.ADWORDS_VIEWS"},{"column_default":null,"column_name":"__API_VERSION","data_type":"CHARACTER
        VARYING","is_nullable":"YES","ordinal_position":5,"table_name":"ENTITY_ADGROUPS","table_schema":"SF.METRICS3_STG.ADWORDS_VIEWS"},{"column_default":null,"column_name":"CUSTOMER_ID","data_type":"CHARACTER
        VARYING","is_nullable":"YES","ordinal_position":6,"table_name":"ENTITY_ADGROUPS","table_schema":"SF.METRICS3_STG.ADWORDS_VIEWS"},{"column_default":null,"column_name":"AD_GROUP_ID","data_type":"CHARACTER
        VARYING","is_nullable":"YES","ordinal_position":7,"table_name":"ENTITY_ADGROUPS","table_schema":"SF.METRICS3_STG.ADWORDS_VIEWS"},{"column_default":null,"column_name":"CAMPAIGN_ID","data_type":"CHARACTER
        VARYING","is_nullable":"YES","ordinal_position":8,"table_name":"ENTITY_ADGROUPS","table_schema":"SF.METRICS3_STG.ADWORDS_VIEWS"},{"column_default":null,"column_name":"AD_GROUP","data_type":"CHARACTER
        VARYING","is_nullable":"YES","ordinal_position":9,"table_name":"ENTITY_ADGROUPS","table_schema":"SF.METRICS3_STG.ADWORDS_VIEWS"},{"column_default":null,"column_name":"AD_GROUP_STATE","data_type":"CHARACTER
        VARYING","is_nullable":"YES","ordinal_position":10,"table_name":"ENTITY_ADGROUPS","table_schema":"SF.METRICS3_STG.ADWORDS_VIEWS"},{"column_default":null,"column_name":"AD_GROUP_TYPE","data_type":"CHARACTER
        VARYING","is_nullable":"YES","ordinal_position":11,"table_name":"ENTITY_ADGROUPS","table_schema":"SF.METRICS3_STG.ADWORDS_VIEWS"},{"column_default":null,"column_name":"LABELS","data_type":"CHARACTER
        VARYING","is_nullable":"YES","ordinal_position":12,"table_name":"ENTITY_ADGROUPS","table_schema":"SF.METRICS3_STG.ADWORDS_VIEWS"}]}

'
    headers:
      Connection:
      - keep-alive
      Content-Length:
      - '2434'
      Content-Type:
      - application/json
      Date:
      - Mon, 03 Aug 2020 09:14:15 GMT
      Via:
      - kong/2.0.3
      X-Amzn-Trace-Id:
      - None
      X-Kong-Proxy-Latency:
      - '0'
      X-Kong-Upstream-Latency:
      - '19'
      x-diesel-request-id:
      - 0bb1b85a-f5fc-41c8-9c1b-972b997258af
    status:
      code: 200
      message: OK
- request:
    body: null
    headers:
      Accept:
      - '*/*'
      Accept-Encoding:
      - gzip, deflate
      Connection:
      - keep-alive
      Content-Length:
      - '0'
      User-Agent:
      - python-requests/2.24.0
    method: POST
    uri: https://diesel.panoramicstg.com/api/v1/federated/metadata/SF/refresh?table_name=METRICS3_STG.ADWORDS_VIEWS.ENTITY_ADGROUPS_FROM_SERVICE&company_slug=operam
  response:
    body:
      string: '{"job_id":"20d82a98-795a-4056-7efa-ca3e97035400"}

'
    headers:
      Connection:
      - keep-alive
      Content-Length:
      - '50'
      Content-Type:
      - application/json
      Date:
      - Mon, 03 Aug 2020 09:14:15 GMT
      Via:
      - kong/2.0.3
      X-Amzn-Trace-Id:
      - None
      X-Kong-Proxy-Latency:
      - '1'
      X-Kong-Upstream-Latency:
      - '20'
      x-diesel-request-id:
      - 417a3ca9-120e-43f7-bb4f-95959c133c9f
    status:
      code: 200
      message: OK
- request:
    body: null
    headers:
      Accept:
      - '*/*'
      Accept-Encoding:
      - gzip, deflate
      Connection:
      - keep-alive
      User-Agent:
      - python-requests/2.24.0
    method: GET
    uri: https://diesel.panoramicstg.com/api/v1/federated/metadata/job/20d82a98-795a-4056-7efa-ca3e97035400
  response:
    body:
      string: '{"job_status":"METADATA_RETRIEVAL"}

'
    headers:
      Connection:
      - keep-alive
      Content-Length:
      - '36'
      Content-Type:
      - application/json
      Date:
      - Mon, 03 Aug 2020 09:14:15 GMT
      Via:
      - kong/2.0.3
      X-Amzn-Trace-Id:
      - None
      X-Kong-Proxy-Latency:
      - '1'
      X-Kong-Upstream-Latency:
      - '16'
      x-diesel-request-id:
      - 04920b4b-5969-49fd-b44d-06e4fc2284c5
    status:
      code: 200
      message: OK
- request:
    body: null
    headers:
      Accept:
      - '*/*'
      Accept-Encoding:
      - gzip, deflate
      Connection:
      - keep-alive
      User-Agent:
      - python-requests/2.24.0
    method: GET
    uri: https://diesel.panoramicstg.com/api/v1/federated/metadata/job/20d82a98-795a-4056-7efa-ca3e97035400
  response:
    body:
      string: '{"job_status":"METADATA_RETRIEVAL"}

'
    headers:
      Connection:
      - keep-alive
      Content-Length:
      - '36'
      Content-Type:
      - application/json
      Date:
      - Mon, 03 Aug 2020 09:14:16 GMT
      Via:
      - kong/2.0.3
      X-Amzn-Trace-Id:
      - None
      X-Kong-Proxy-Latency:
      - '1'
      X-Kong-Upstream-Latency:
      - '16'
      x-diesel-request-id:
      - b23474e3-c7cd-452b-b3b7-d697b7f377f8
    status:
      code: 200
      message: OK
- request:
    body: null
    headers:
      Accept:
      - '*/*'
      Accept-Encoding:
      - gzip, deflate
      Connection:
      - keep-alive
      User-Agent:
      - python-requests/2.24.0
    method: GET
    uri: https://diesel.panoramicstg.com/api/v1/federated/metadata/job/20d82a98-795a-4056-7efa-ca3e97035400
  response:
    body:
      string: '{"job_status":"COMPLETED"}

'
    headers:
      Connection:
      - keep-alive
      Content-Length:
      - '27'
      Content-Type:
      - application/json
      Date:
      - Mon, 03 Aug 2020 09:14:18 GMT
      Via:
      - kong/2.0.3
      X-Amzn-Trace-Id:
      - None
      X-Kong-Proxy-Latency:
      - '1'
      X-Kong-Upstream-Latency:
      - '17'
      x-diesel-request-id:
      - f270d4ea-ad06-4a97-9b16-12861ec963aa
    status:
      code: 200
      message: OK
- request:
    body: null
    headers:
      Accept:
      - '*/*'
      Accept-Encoding:
      - gzip, deflate
      Connection:
      - keep-alive
      Content-Length:
      - '0'
      User-Agent:
      - python-requests/2.24.0
    method: POST
    uri: https://diesel.panoramicstg.com/api/v1/federated/metadata/SF/columns?company_slug=operam&table_filter=METRICS3_STG.ADWORDS_VIEWS.ENTITY_ADGROUPS_FROM_SERVICE
  response:
    body:
      string: '{"job_id":"20d82a95-65a4-8306-7150-04e5f4cc8b00"}

'
    headers:
      Connection:
      - keep-alive
      Content-Length:
      - '50'
      Content-Type:
      - application/json
      Date:
      - Mon, 03 Aug 2020 09:14:18 GMT
      Via:
      - kong/2.0.3
      X-Amzn-Trace-Id:
      - None
      X-Kong-Proxy-Latency:
      - '0'
      X-Kong-Upstream-Latency:
      - '25'
      x-diesel-request-id:
      - 83fef1b4-150d-472a-8f20-ab05343ef1c1
    status:
      code: 200
      message: OK
- request:
    body: null
    headers:
      Accept:
      - '*/*'
      Accept-Encoding:
      - gzip, deflate
      Connection:
      - keep-alive
      User-Agent:
      - python-requests/2.24.0
    method: GET
    uri: https://diesel.panoramicstg.com/api/v1/federated/metadata/job/20d82a95-65a4-8306-7150-04e5f4cc8b00
  response:
    body:
      string: '{"job_status":"RUNNING"}

'
    headers:
      Connection:
      - keep-alive
      Content-Length:
      - '25'
      Content-Type:
      - application/json
      Date:
      - Mon, 03 Aug 2020 09:14:18 GMT
      Via:
      - kong/2.0.3
      X-Amzn-Trace-Id:
      - None
      X-Kong-Proxy-Latency:
      - '1'
      X-Kong-Upstream-Latency:
      - '15'
      x-diesel-request-id:
      - d5a37f87-d457-4516-b015-7251f9aa829a
    status:
      code: 200
      message: OK
- request:
    body: null
    headers:
      Accept:
      - '*/*'
      Accept-Encoding:
      - gzip, deflate
      Connection:
      - keep-alive
      User-Agent:
      - python-requests/2.24.0
    method: GET
    uri: https://diesel.panoramicstg.com/api/v1/federated/metadata/job/20d82a95-65a4-8306-7150-04e5f4cc8b00
  response:
    body:
      string: '{"job_status":"COMPLETED"}

'
    headers:
      Connection:
      - keep-alive
      Content-Length:
      - '27'
      Content-Type:
      - application/json
      Date:
      - Mon, 03 Aug 2020 09:14:19 GMT
      Via:
      - kong/2.0.3
      X-Amzn-Trace-Id:
      - None
      X-Kong-Proxy-Latency:
      - '0'
      X-Kong-Upstream-Latency:
      - '19'
      x-diesel-request-id:
      - a15d590e-f38f-4bd2-bb27-f77bef5f6cb0
    status:
      code: 200
      message: OK
- request:
    body: null
    headers:
      Accept:
      - '*/*'
      Accept-Encoding:
      - gzip, deflate
      Connection:
      - keep-alive
      User-Agent:
      - python-requests/2.24.0
    method: GET
    uri: https://diesel.panoramicstg.com/api/v1/federated/metadata/job/20d82a95-65a4-8306-7150-04e5f4cc8b00/results?offset=0&limit=500
  response:
    body:
      string: '{"data":[{"column_default":null,"column_name":"__RECORD_ID","data_type":"CHARACTER
        VARYING","is_nullable":"YES","ordinal_position":1,"table_name":"ENTITY_ADGROUPS_FROM_SERVICE","table_schema":"SF.METRICS3_STG.ADWORDS_VIEWS"},{"column_default":null,"column_name":"__DATA","data_type":"CHARACTER
        VARYING","is_nullable":"YES","ordinal_position":2,"table_name":"ENTITY_ADGROUPS_FROM_SERVICE","table_schema":"SF.METRICS3_STG.ADWORDS_VIEWS"},{"column_default":null,"column_name":"__PROCESSED_AT","data_type":"TIMESTAMP","is_nullable":"YES","ordinal_position":3,"table_name":"ENTITY_ADGROUPS_FROM_SERVICE","table_schema":"SF.METRICS3_STG.ADWORDS_VIEWS"},{"column_default":null,"column_name":"__EXTRACTED_AT","data_type":"TIMESTAMP","is_nullable":"YES","ordinal_position":4,"table_name":"ENTITY_ADGROUPS_FROM_SERVICE","table_schema":"SF.METRICS3_STG.ADWORDS_VIEWS"},{"column_default":null,"column_name":"__API_VERSION","data_type":"CHARACTER
        VARYING","is_nullable":"YES","ordinal_position":5,"table_name":"ENTITY_ADGROUPS_FROM_SERVICE","table_schema":"SF.METRICS3_STG.ADWORDS_VIEWS"},{"column_default":null,"column_name":"CUSTOMER_ID","data_type":"CHARACTER
        VARYING","is_nullable":"YES","ordinal_position":6,"table_name":"ENTITY_ADGROUPS_FROM_SERVICE","table_schema":"SF.METRICS3_STG.ADWORDS_VIEWS"},{"column_default":null,"column_name":"AD_GROUP_ID","data_type":"CHARACTER
        VARYING","is_nullable":"YES","ordinal_position":7,"table_name":"ENTITY_ADGROUPS_FROM_SERVICE","table_schema":"SF.METRICS3_STG.ADWORDS_VIEWS"},{"column_default":null,"column_name":"CAMPAIGN_ID","data_type":"CHARACTER
        VARYING","is_nullable":"YES","ordinal_position":8,"table_name":"ENTITY_ADGROUPS_FROM_SERVICE","table_schema":"SF.METRICS3_STG.ADWORDS_VIEWS"},{"column_default":null,"column_name":"AD_GROUP_AD_ROTATION_MODE","data_type":"CHARACTER
        VARYING","is_nullable":"YES","ordinal_position":9,"table_name":"ENTITY_ADGROUPS_FROM_SERVICE","table_schema":"SF.METRICS3_STG.ADWORDS_VIEWS"},{"column_default":null,"column_name":"AD_GROUP_TYPE","data_type":"CHARACTER
        VARYING","is_nullable":"YES","ordinal_position":10,"table_name":"ENTITY_ADGROUPS_FROM_SERVICE","table_schema":"SF.METRICS3_STG.ADWORDS_VIEWS"},{"column_default":null,"column_name":"BASE_AD_GROUP_ID","data_type":"CHARACTER
        VARYING","is_nullable":"YES","ordinal_position":11,"table_name":"ENTITY_ADGROUPS_FROM_SERVICE","table_schema":"SF.METRICS3_STG.ADWORDS_VIEWS"},{"column_default":null,"column_name":"BIDDING_STRATEGY_CONFIGURATION","data_type":"CHARACTER
        VARYING","is_nullable":"YES","ordinal_position":12,"table_name":"ENTITY_ADGROUPS_FROM_SERVICE","table_schema":"SF.METRICS3_STG.ADWORDS_VIEWS"},{"column_default":null,"column_name":"CAMPAIGN","data_type":"CHARACTER
        VARYING","is_nullable":"YES","ordinal_position":13,"table_name":"ENTITY_ADGROUPS_FROM_SERVICE","table_schema":"SF.METRICS3_STG.ADWORDS_VIEWS"},{"column_default":null,"column_name":"CONTENT_BID_CRITERION_TYPE_GROUP","data_type":"CHARACTER
        VARYING","is_nullable":"YES","ordinal_position":14,"table_name":"ENTITY_ADGROUPS_FROM_SERVICE","table_schema":"SF.METRICS3_STG.ADWORDS_VIEWS"},{"column_default":null,"column_name":"FINAL_URL_SUFFIX","data_type":"CHARACTER
        VARYING","is_nullable":"YES","ordinal_position":15,"table_name":"ENTITY_ADGROUPS_FROM_SERVICE","table_schema":"SF.METRICS3_STG.ADWORDS_VIEWS"},{"column_default":null,"column_name":"AD_GROUP","data_type":"CHARACTER
        VARYING","is_nullable":"YES","ordinal_position":16,"table_name":"ENTITY_ADGROUPS_FROM_SERVICE","table_schema":"SF.METRICS3_STG.ADWORDS_VIEWS"},{"column_default":null,"column_name":"STATUS","data_type":"CHARACTER
        VARYING","is_nullable":"YES","ordinal_position":17,"table_name":"ENTITY_ADGROUPS_FROM_SERVICE","table_schema":"SF.METRICS3_STG.ADWORDS_VIEWS"},{"column_default":null,"column_name":"TRACKING_URL_TEMPLATE","data_type":"CHARACTER
        VARYING","is_nullable":"YES","ordinal_position":18,"table_name":"ENTITY_ADGROUPS_FROM_SERVICE","table_schema":"SF.METRICS3_STG.ADWORDS_VIEWS"},{"column_default":null,"column_name":"URL_CUSTOM_PARAMETERS","data_type":"CHARACTER
        VARYING","is_nullable":"YES","ordinal_position":19,"table_name":"ENTITY_ADGROUPS_FROM_SERVICE","table_schema":"SF.METRICS3_STG.ADWORDS_VIEWS"},{"column_default":null,"column_name":"SETTINGS","data_type":"CHARACTER
        VARYING","is_nullable":"YES","ordinal_position":20,"table_name":"ENTITY_ADGROUPS_FROM_SERVICE","table_schema":"SF.METRICS3_STG.ADWORDS_VIEWS"},{"column_default":null,"column_name":"FORWARD_COMPATIBILITY_MAP","data_type":"CHARACTER
        VARYING","is_nullable":"YES","ordinal_position":21,"table_name":"ENTITY_ADGROUPS_FROM_SERVICE","table_schema":"SF.METRICS3_STG.ADWORDS_VIEWS"},{"column_default":null,"column_name":"LABELS","data_type":"CHARACTER
        VARYING","is_nullable":"YES","ordinal_position":22,"table_name":"ENTITY_ADGROUPS_FROM_SERVICE","table_schema":"SF.METRICS3_STG.ADWORDS_VIEWS"}]}

'
    headers:
      Connection:
      - keep-alive
      Content-Length:
      - '4844'
      Content-Type:
      - application/json
      Date:
      - Mon, 03 Aug 2020 09:14:19 GMT
      Via:
      - kong/2.0.3
      X-Amzn-Trace-Id:
      - None
      X-Kong-Proxy-Latency:
      - '1'
      X-Kong-Upstream-Latency:
      - '21'
      x-diesel-request-id:
      - 0a02d671-9a08-406f-b8f0-5fbaa761619d
    status:
      code: 200
      message: OK
- request:
    body: null
    headers:
      Accept:
      - '*/*'
      Accept-Encoding:
      - gzip, deflate
      Connection:
      - keep-alive
      Content-Length:
      - '0'
      User-Agent:
      - python-requests/2.24.0
    method: POST
    uri: https://diesel.panoramicstg.com/api/v1/federated/metadata/SF/refresh?table_name=METRICS3_STG.ADWORDS_VIEWS.ENTITY_ADS&company_slug=operam
  response:
    body:
      string: '{"job_id":"20d82a93-c061-62ca-8f6f-a1f02cdac900"}

'
    headers:
      Connection:
      - keep-alive
      Content-Length:
      - '50'
      Content-Type:
      - application/json
      Date:
      - Mon, 03 Aug 2020 09:14:19 GMT
      Via:
      - kong/2.0.3
      X-Amzn-Trace-Id:
      - None
      X-Kong-Proxy-Latency:
      - '1'
      X-Kong-Upstream-Latency:
      - '23'
      x-diesel-request-id:
      - 55954f6c-792e-4645-bd09-f13ba484e339
    status:
      code: 200
      message: OK
- request:
    body: null
    headers:
      Accept:
      - '*/*'
      Accept-Encoding:
      - gzip, deflate
      Connection:
      - keep-alive
      User-Agent:
      - python-requests/2.24.0
    method: GET
    uri: https://diesel.panoramicstg.com/api/v1/federated/metadata/job/20d82a93-c061-62ca-8f6f-a1f02cdac900
  response:
    body:
      string: '{"job_status":"METADATA_RETRIEVAL"}

'
    headers:
      Connection:
      - keep-alive
      Content-Length:
      - '36'
      Content-Type:
      - application/json
      Date:
      - Mon, 03 Aug 2020 09:14:19 GMT
      Via:
      - kong/2.0.3
      X-Amzn-Trace-Id:
      - None
      X-Kong-Proxy-Latency:
      - '0'
      X-Kong-Upstream-Latency:
      - '17'
      x-diesel-request-id:
      - 0665201d-6e6c-4e0b-923b-d88c87f901b3
    status:
      code: 200
      message: OK
- request:
    body: null
    headers:
      Accept:
      - '*/*'
      Accept-Encoding:
      - gzip, deflate
      Connection:
      - keep-alive
      User-Agent:
      - python-requests/2.24.0
    method: GET
    uri: https://diesel.panoramicstg.com/api/v1/federated/metadata/job/20d82a93-c061-62ca-8f6f-a1f02cdac900
  response:
    body:
      string: '{"job_status":"METADATA_RETRIEVAL"}

'
    headers:
      Connection:
      - keep-alive
      Content-Length:
      - '36'
      Content-Type:
      - application/json
      Date:
      - Mon, 03 Aug 2020 09:14:21 GMT
      Via:
      - kong/2.0.3
      X-Amzn-Trace-Id:
      - None
      X-Kong-Proxy-Latency:
      - '0'
      X-Kong-Upstream-Latency:
      - '15'
      x-diesel-request-id:
      - ce7a0165-b9e9-477c-b126-d28a7eb97daf
    status:
      code: 200
      message: OK
- request:
    body: null
    headers:
      Accept:
      - '*/*'
      Accept-Encoding:
      - gzip, deflate
      Connection:
      - keep-alive
      User-Agent:
      - python-requests/2.24.0
    method: GET
    uri: https://diesel.panoramicstg.com/api/v1/federated/metadata/job/20d82a93-c061-62ca-8f6f-a1f02cdac900
  response:
    body:
      string: '{"job_status":"COMPLETED"}

'
    headers:
      Connection:
      - keep-alive
      Content-Length:
      - '27'
      Content-Type:
      - application/json
      Date:
      - Mon, 03 Aug 2020 09:14:22 GMT
      Via:
      - kong/2.0.3
      X-Amzn-Trace-Id:
      - None
      X-Kong-Proxy-Latency:
      - '1'
      X-Kong-Upstream-Latency:
      - '125'
      x-diesel-request-id:
      - 3d017552-4120-43c7-b44d-5884213976eb
    status:
      code: 200
      message: OK
- request:
    body: null
    headers:
      Accept:
      - '*/*'
      Accept-Encoding:
      - gzip, deflate
      Connection:
      - keep-alive
      Content-Length:
      - '0'
      User-Agent:
      - python-requests/2.24.0
    method: POST
    uri: https://diesel.panoramicstg.com/api/v1/federated/metadata/SF/columns?company_slug=operam&table_filter=METRICS3_STG.ADWORDS_VIEWS.ENTITY_ADS
  response:
    body:
      string: '{"job_id":"20d82a90-bc5f-cbe3-a5d7-32c9b2606700"}

'
    headers:
      Connection:
      - keep-alive
      Content-Length:
      - '50'
      Content-Type:
      - application/json
      Date:
      - Mon, 03 Aug 2020 09:14:22 GMT
      Via:
      - kong/2.0.3
      X-Amzn-Trace-Id:
      - None
      X-Kong-Proxy-Latency:
      - '1'
      X-Kong-Upstream-Latency:
      - '21'
      x-diesel-request-id:
      - 5aa55aee-9894-4432-8df8-5d4556660e5d
    status:
      code: 200
      message: OK
- request:
    body: null
    headers:
      Accept:
      - '*/*'
      Accept-Encoding:
      - gzip, deflate
      Connection:
      - keep-alive
      User-Agent:
      - python-requests/2.24.0
    method: GET
    uri: https://diesel.panoramicstg.com/api/v1/federated/metadata/job/20d82a90-bc5f-cbe3-a5d7-32c9b2606700
  response:
    body:
      string: '{"job_status":"COMPLETED"}

'
    headers:
      Connection:
      - keep-alive
      Content-Length:
      - '27'
      Content-Type:
      - application/json
      Date:
      - Mon, 03 Aug 2020 09:14:23 GMT
      Via:
      - kong/2.0.3
      X-Amzn-Trace-Id:
      - None
      X-Kong-Proxy-Latency:
      - '1'
      X-Kong-Upstream-Latency:
      - '674'
      x-diesel-request-id:
      - 19de849a-07ba-44d6-8c30-aa7289181f0b
    status:
      code: 200
      message: OK
- request:
    body: null
    headers:
      Accept:
      - '*/*'
      Accept-Encoding:
      - gzip, deflate
      Connection:
      - keep-alive
      User-Agent:
      - python-requests/2.24.0
    method: GET
    uri: https://diesel.panoramicstg.com/api/v1/federated/metadata/job/20d82a90-bc5f-cbe3-a5d7-32c9b2606700/results?offset=0&limit=500
  response:
    body:
      string: '{"data":[{"column_default":null,"column_name":"AD_ID","data_type":"CHARACTER
        VARYING","is_nullable":"YES","ordinal_position":1,"table_name":"ENTITY_ADS","table_schema":"SF.METRICS3_STG.ADWORDS_VIEWS"},{"column_default":null,"column_name":"AD_GROUP_ID","data_type":"CHARACTER
        VARYING","is_nullable":"YES","ordinal_position":2,"table_name":"ENTITY_ADS","table_schema":"SF.METRICS3_STG.ADWORDS_VIEWS"},{"column_default":null,"column_name":"CAMPAIGN_ID","data_type":"CHARACTER
        VARYING","is_nullable":"YES","ordinal_position":3,"table_name":"ENTITY_ADS","table_schema":"SF.METRICS3_STG.ADWORDS_VIEWS"},{"column_default":null,"column_name":"CUSTOMER_ID","data_type":"CHARACTER
        VARYING","is_nullable":"YES","ordinal_position":4,"table_name":"ENTITY_ADS","table_schema":"SF.METRICS3_STG.ADWORDS_VIEWS"},{"column_default":null,"column_name":"__DATA","data_type":"CHARACTER
        VARYING","is_nullable":"YES","ordinal_position":5,"table_name":"ENTITY_ADS","table_schema":"SF.METRICS3_STG.ADWORDS_VIEWS"},{"column_default":null,"column_name":"__EXTRACTED_AT","data_type":"TIMESTAMP","is_nullable":"YES","ordinal_position":6,"table_name":"ENTITY_ADS","table_schema":"SF.METRICS3_STG.ADWORDS_VIEWS"},{"column_default":null,"column_name":"__API_VERSION","data_type":"CHARACTER
        VARYING","is_nullable":"YES","ordinal_position":7,"table_name":"ENTITY_ADS","table_schema":"SF.METRICS3_STG.ADWORDS_VIEWS"},{"column_default":null,"column_name":"__RECORD_ID","data_type":"CHARACTER
        VARYING","is_nullable":"YES","ordinal_position":8,"table_name":"ENTITY_ADS","table_schema":"SF.METRICS3_STG.ADWORDS_VIEWS"},{"column_default":null,"column_name":"__PROCESSED_AT","data_type":"TIMESTAMP","is_nullable":"YES","ordinal_position":9,"table_name":"ENTITY_ADS","table_schema":"SF.METRICS3_STG.ADWORDS_VIEWS"},{"column_default":null,"column_name":"AD","data_type":"CHARACTER
        VARYING","is_nullable":"YES","ordinal_position":10,"table_name":"ENTITY_ADS","table_schema":"SF.METRICS3_STG.ADWORDS_VIEWS"},{"column_default":null,"column_name":"AD_TYPE","data_type":"CHARACTER
        VARYING","is_nullable":"YES","ordinal_position":11,"table_name":"ENTITY_ADS","table_schema":"SF.METRICS3_STG.ADWORDS_VIEWS"},{"column_default":null,"column_name":"DISPLAY_URL","data_type":"CHARACTER
        VARYING","is_nullable":"YES","ordinal_position":12,"table_name":"ENTITY_ADS","table_schema":"SF.METRICS3_STG.ADWORDS_VIEWS"},{"column_default":null,"column_name":"HEADLINE_1","data_type":"CHARACTER
        VARYING","is_nullable":"YES","ordinal_position":13,"table_name":"ENTITY_ADS","table_schema":"SF.METRICS3_STG.ADWORDS_VIEWS"},{"column_default":null,"column_name":"HEADLINE_2","data_type":"CHARACTER
        VARYING","is_nullable":"YES","ordinal_position":14,"table_name":"ENTITY_ADS","table_schema":"SF.METRICS3_STG.ADWORDS_VIEWS"},{"column_default":null,"column_name":"DESCRIPTION","data_type":"CHARACTER
        VARYING","is_nullable":"YES","ordinal_position":15,"table_name":"ENTITY_ADS","table_schema":"SF.METRICS3_STG.ADWORDS_VIEWS"},{"column_default":null,"column_name":"DESCRIPTION_LINE_1","data_type":"CHARACTER
        VARYING","is_nullable":"YES","ordinal_position":16,"table_name":"ENTITY_ADS","table_schema":"SF.METRICS3_STG.ADWORDS_VIEWS"},{"column_default":null,"column_name":"DESCRIPTION_LINE_2","data_type":"CHARACTER
        VARYING","is_nullable":"YES","ordinal_position":17,"table_name":"ENTITY_ADS","table_schema":"SF.METRICS3_STG.ADWORDS_VIEWS"},{"column_default":null,"column_name":"CALL_TO_ACTION_TEXT_RESPONSIVE","data_type":"CHARACTER
        VARYING","is_nullable":"YES","ordinal_position":18,"table_name":"ENTITY_ADS","table_schema":"SF.METRICS3_STG.ADWORDS_VIEWS"}]}

'
    headers:
      Connection:
      - keep-alive
      Content-Length:
      - '3583'
      Content-Type:
      - application/json
      Date:
      - Mon, 03 Aug 2020 09:14:23 GMT
      Via:
      - kong/2.0.3
      X-Amzn-Trace-Id:
      - None
      X-Kong-Proxy-Latency:
      - '1'
      X-Kong-Upstream-Latency:
      - '21'
      x-diesel-request-id:
      - ca2fe954-db32-4785-bdf2-61818465d0bd
    status:
      code: 200
      message: OK
- request:
    body: null
    headers:
      Accept:
      - '*/*'
      Accept-Encoding:
      - gzip, deflate
      Connection:
      - keep-alive
      Content-Length:
      - '0'
      User-Agent:
      - python-requests/2.24.0
    method: POST
    uri: https://diesel.panoramicstg.com/api/v1/federated/metadata/SF/refresh?table_name=METRICS3_STG.ADWORDS_VIEWS.ENTITY_ADS_FROM_SERVICE&company_slug=operam
  response:
    body:
      string: '{"job_id":"20d82a8f-c538-2266-a0f9-c49578ceca00"}

'
    headers:
      Connection:
      - keep-alive
      Content-Length:
      - '50'
      Content-Type:
      - application/json
      Date:
      - Mon, 03 Aug 2020 09:14:23 GMT
      Via:
      - kong/2.0.3
      X-Amzn-Trace-Id:
      - None
      X-Kong-Proxy-Latency:
      - '0'
      X-Kong-Upstream-Latency:
      - '83'
      x-diesel-request-id:
      - e8e3bf82-0bf3-4abe-a034-2c3448b6b0bb
    status:
      code: 200
      message: OK
- request:
    body: null
    headers:
      Accept:
      - '*/*'
      Accept-Encoding:
      - gzip, deflate
      Connection:
      - keep-alive
      User-Agent:
      - python-requests/2.24.0
    method: GET
    uri: https://diesel.panoramicstg.com/api/v1/federated/metadata/job/20d82a8f-c538-2266-a0f9-c49578ceca00
  response:
    body:
      string: '{"job_status":"METADATA_RETRIEVAL"}

'
    headers:
      Connection:
      - keep-alive
      Content-Length:
      - '36'
      Content-Type:
      - application/json
      Date:
      - Mon, 03 Aug 2020 09:14:23 GMT
      Via:
      - kong/2.0.3
      X-Amzn-Trace-Id:
      - None
      X-Kong-Proxy-Latency:
      - '0'
      X-Kong-Upstream-Latency:
      - '15'
      x-diesel-request-id:
      - b2ad251a-0e4d-493d-a13c-e68b13897d5d
    status:
      code: 200
      message: OK
- request:
    body: null
    headers:
      Accept:
      - '*/*'
      Accept-Encoding:
      - gzip, deflate
      Connection:
      - keep-alive
      User-Agent:
      - python-requests/2.24.0
    method: GET
    uri: https://diesel.panoramicstg.com/api/v1/federated/metadata/job/20d82a8f-c538-2266-a0f9-c49578ceca00
  response:
    body:
      string: '{"job_status":"METADATA_RETRIEVAL"}

'
    headers:
      Connection:
      - keep-alive
      Content-Length:
      - '36'
      Content-Type:
      - application/json
      Date:
      - Mon, 03 Aug 2020 09:14:24 GMT
      Via:
      - kong/2.0.3
      X-Amzn-Trace-Id:
      - None
      X-Kong-Proxy-Latency:
      - '1'
      X-Kong-Upstream-Latency:
      - '17'
      x-diesel-request-id:
      - 930fa3b5-6e09-4852-a15e-08fb35bc2ab4
    status:
      code: 200
      message: OK
- request:
    body: null
    headers:
      Accept:
      - '*/*'
      Accept-Encoding:
      - gzip, deflate
      Connection:
      - keep-alive
      User-Agent:
      - python-requests/2.24.0
    method: GET
    uri: https://diesel.panoramicstg.com/api/v1/federated/metadata/job/20d82a8f-c538-2266-a0f9-c49578ceca00
  response:
    body:
      string: '{"job_status":"COMPLETED"}

'
    headers:
      Connection:
      - keep-alive
      Content-Length:
      - '27'
      Content-Type:
      - application/json
      Date:
      - Mon, 03 Aug 2020 09:14:25 GMT
      Via:
      - kong/2.0.3
      X-Amzn-Trace-Id:
      - None
      X-Kong-Proxy-Latency:
      - '0'
      X-Kong-Upstream-Latency:
      - '18'
      x-diesel-request-id:
      - a1337dca-b795-4ae3-bc20-12f6ad941fa7
    status:
      code: 200
      message: OK
- request:
    body: null
    headers:
      Accept:
      - '*/*'
      Accept-Encoding:
      - gzip, deflate
      Connection:
      - keep-alive
      Content-Length:
      - '0'
      User-Agent:
      - python-requests/2.24.0
    method: POST
    uri: https://diesel.panoramicstg.com/api/v1/federated/metadata/SF/columns?company_slug=operam&table_filter=METRICS3_STG.ADWORDS_VIEWS.ENTITY_ADS_FROM_SERVICE
  response:
    body:
      string: '{"job_id":"20d82a8d-6348-f12c-00e0-b0a267ee8900"}

'
    headers:
      Connection:
      - keep-alive
      Content-Length:
      - '50'
      Content-Type:
      - application/json
      Date:
      - Mon, 03 Aug 2020 09:14:26 GMT
      Via:
      - kong/2.0.3
      X-Amzn-Trace-Id:
      - None
      X-Kong-Proxy-Latency:
      - '1'
      X-Kong-Upstream-Latency:
      - '24'
      x-diesel-request-id:
      - 2f58c831-14e8-4745-8c51-8f3ecbf0f2fd
    status:
      code: 200
      message: OK
- request:
    body: null
    headers:
      Accept:
      - '*/*'
      Accept-Encoding:
      - gzip, deflate
      Connection:
      - keep-alive
      User-Agent:
      - python-requests/2.24.0
    method: GET
    uri: https://diesel.panoramicstg.com/api/v1/federated/metadata/job/20d82a8d-6348-f12c-00e0-b0a267ee8900
  response:
    body:
      string: '{"job_status":"RUNNING"}

'
    headers:
      Connection:
      - keep-alive
      Content-Length:
      - '25'
      Content-Type:
      - application/json
      Date:
      - Mon, 03 Aug 2020 09:14:26 GMT
      Via:
      - kong/2.0.3
      X-Amzn-Trace-Id:
      - None
      X-Kong-Proxy-Latency:
      - '1'
      X-Kong-Upstream-Latency:
      - '15'
      x-diesel-request-id:
      - 483c9ba4-af56-4fbb-ad81-19f7d065385e
    status:
      code: 200
      message: OK
- request:
    body: null
    headers:
      Accept:
      - '*/*'
      Accept-Encoding:
      - gzip, deflate
      Connection:
      - keep-alive
      User-Agent:
      - python-requests/2.24.0
    method: GET
    uri: https://diesel.panoramicstg.com/api/v1/federated/metadata/job/20d82a8d-6348-f12c-00e0-b0a267ee8900
  response:
    body:
      string: '{"job_status":"COMPLETED"}

'
    headers:
      Connection:
      - keep-alive
      Content-Length:
      - '27'
      Content-Type:
      - application/json
      Date:
      - Mon, 03 Aug 2020 09:14:27 GMT
      Via:
      - kong/2.0.3
      X-Amzn-Trace-Id:
      - None
      X-Kong-Proxy-Latency:
      - '1'
      X-Kong-Upstream-Latency:
      - '18'
      x-diesel-request-id:
      - 238c6b15-34e4-49e8-b8f6-484960dc3830
    status:
      code: 200
      message: OK
- request:
    body: null
    headers:
      Accept:
      - '*/*'
      Accept-Encoding:
      - gzip, deflate
      Connection:
      - keep-alive
      User-Agent:
      - python-requests/2.24.0
    method: GET
    uri: https://diesel.panoramicstg.com/api/v1/federated/metadata/job/20d82a8d-6348-f12c-00e0-b0a267ee8900/results?offset=0&limit=500
  response:
    body:
      string: '{"data":[{"column_default":null,"column_name":"AD_ID","data_type":"CHARACTER
        VARYING","is_nullable":"YES","ordinal_position":1,"table_name":"ENTITY_ADS_FROM_SERVICE","table_schema":"SF.METRICS3_STG.ADWORDS_VIEWS"},{"column_default":null,"column_name":"AD_GROUP_ID","data_type":"CHARACTER
        VARYING","is_nullable":"YES","ordinal_position":2,"table_name":"ENTITY_ADS_FROM_SERVICE","table_schema":"SF.METRICS3_STG.ADWORDS_VIEWS"},{"column_default":null,"column_name":"__DATA","data_type":"CHARACTER
        VARYING","is_nullable":"YES","ordinal_position":3,"table_name":"ENTITY_ADS_FROM_SERVICE","table_schema":"SF.METRICS3_STG.ADWORDS_VIEWS"},{"column_default":null,"column_name":"__API_VERSION","data_type":"CHARACTER
        VARYING","is_nullable":"YES","ordinal_position":4,"table_name":"ENTITY_ADS_FROM_SERVICE","table_schema":"SF.METRICS3_STG.ADWORDS_VIEWS"},{"column_default":null,"column_name":"CUSTOMER_ID","data_type":"CHARACTER
        VARYING","is_nullable":"YES","ordinal_position":5,"table_name":"ENTITY_ADS_FROM_SERVICE","table_schema":"SF.METRICS3_STG.ADWORDS_VIEWS"},{"column_default":null,"column_name":"__EXTRACTED_AT","data_type":"TIMESTAMP","is_nullable":"YES","ordinal_position":6,"table_name":"ENTITY_ADS_FROM_SERVICE","table_schema":"SF.METRICS3_STG.ADWORDS_VIEWS"},{"column_default":null,"column_name":"__PROCESSED_AT","data_type":"TIMESTAMP","is_nullable":"YES","ordinal_position":7,"table_name":"ENTITY_ADS_FROM_SERVICE","table_schema":"SF.METRICS3_STG.ADWORDS_VIEWS"},{"column_default":null,"column_name":"__RECORD_ID","data_type":"CHARACTER
        VARYING","is_nullable":"YES","ordinal_position":8,"table_name":"ENTITY_ADS_FROM_SERVICE","table_schema":"SF.METRICS3_STG.ADWORDS_VIEWS"},{"column_default":null,"column_name":"AD__AD_TYPE","data_type":"CHARACTER
        VARYING","is_nullable":"YES","ordinal_position":9,"table_name":"ENTITY_ADS_FROM_SERVICE","table_schema":"SF.METRICS3_STG.ADWORDS_VIEWS"},{"column_default":null,"column_name":"AD__AUTOMATED","data_type":"BOOLEAN","is_nullable":"YES","ordinal_position":10,"table_name":"ENTITY_ADS_FROM_SERVICE","table_schema":"SF.METRICS3_STG.ADWORDS_VIEWS"},{"column_default":null,"column_name":"AD__DESCRIPTION","data_type":"CHARACTER
        VARYING","is_nullable":"YES","ordinal_position":11,"table_name":"ENTITY_ADS_FROM_SERVICE","table_schema":"SF.METRICS3_STG.ADWORDS_VIEWS"},{"column_default":null,"column_name":"AD__DESCRIPTION_2","data_type":"CHARACTER
        VARYING","is_nullable":"YES","ordinal_position":12,"table_name":"ENTITY_ADS_FROM_SERVICE","table_schema":"SF.METRICS3_STG.ADWORDS_VIEWS"},{"column_default":null,"column_name":"AD__DEVICE_PREFERENCE","data_type":"CHARACTER
        VARYING","is_nullable":"YES","ordinal_position":13,"table_name":"ENTITY_ADS_FROM_SERVICE","table_schema":"SF.METRICS3_STG.ADWORDS_VIEWS"},{"column_default":null,"column_name":"AD__DISPLAY_URL","data_type":"CHARACTER
        VARYING","is_nullable":"YES","ordinal_position":14,"table_name":"ENTITY_ADS_FROM_SERVICE","table_schema":"SF.METRICS3_STG.ADWORDS_VIEWS"},{"column_default":null,"column_name":"AD__FINAL_URL_SUFFIX","data_type":"CHARACTER
        VARYING","is_nullable":"YES","ordinal_position":15,"table_name":"ENTITY_ADS_FROM_SERVICE","table_schema":"SF.METRICS3_STG.ADWORDS_VIEWS"},{"column_default":null,"column_name":"AD__HEADLINE_PART_1","data_type":"CHARACTER
        VARYING","is_nullable":"YES","ordinal_position":16,"table_name":"ENTITY_ADS_FROM_SERVICE","table_schema":"SF.METRICS3_STG.ADWORDS_VIEWS"},{"column_default":null,"column_name":"AD__HEADLINE_PART_2","data_type":"CHARACTER
        VARYING","is_nullable":"YES","ordinal_position":17,"table_name":"ENTITY_ADS_FROM_SERVICE","table_schema":"SF.METRICS3_STG.ADWORDS_VIEWS"},{"column_default":null,"column_name":"AD__HEADLINE_PART_3","data_type":"CHARACTER
        VARYING","is_nullable":"YES","ordinal_position":18,"table_name":"ENTITY_ADS_FROM_SERVICE","table_schema":"SF.METRICS3_STG.ADWORDS_VIEWS"},{"column_default":null,"column_name":"AD__PATH_1","data_type":"CHARACTER
        VARYING","is_nullable":"YES","ordinal_position":19,"table_name":"ENTITY_ADS_FROM_SERVICE","table_schema":"SF.METRICS3_STG.ADWORDS_VIEWS"},{"column_default":null,"column_name":"AD__PATH_2","data_type":"CHARACTER
        VARYING","is_nullable":"YES","ordinal_position":20,"table_name":"ENTITY_ADS_FROM_SERVICE","table_schema":"SF.METRICS3_STG.ADWORDS_VIEWS"},{"column_default":null,"column_name":"AD__SYSTEM_MANAGED_ENTITY_SOURCE","data_type":"CHARACTER
        VARYING","is_nullable":"YES","ordinal_position":21,"table_name":"ENTITY_ADS_FROM_SERVICE","table_schema":"SF.METRICS3_STG.ADWORDS_VIEWS"},{"column_default":null,"column_name":"AD__TRACKING_URL_TEMPLATE","data_type":"CHARACTER
        VARYING","is_nullable":"YES","ordinal_position":22,"table_name":"ENTITY_ADS_FROM_SERVICE","table_schema":"SF.METRICS3_STG.ADWORDS_VIEWS"},{"column_default":null,"column_name":"AD__URL","data_type":"CHARACTER
        VARYING","is_nullable":"YES","ordinal_position":23,"table_name":"ENTITY_ADS_FROM_SERVICE","table_schema":"SF.METRICS3_STG.ADWORDS_VIEWS"},{"column_default":null,"column_name":"AD__URL_CUSTOM_PARAMETERS","data_type":"CHARACTER
        VARYING","is_nullable":"YES","ordinal_position":24,"table_name":"ENTITY_ADS_FROM_SERVICE","table_schema":"SF.METRICS3_STG.ADWORDS_VIEWS"},{"column_default":null,"column_name":"AD_STRENGTH_INFO","data_type":"CHARACTER
        VARYING","is_nullable":"YES","ordinal_position":25,"table_name":"ENTITY_ADS_FROM_SERVICE","table_schema":"SF.METRICS3_STG.ADWORDS_VIEWS"},{"column_default":null,"column_name":"BASE_AD_GROUP_ID","data_type":"CHARACTER
        VARYING","is_nullable":"YES","ordinal_position":26,"table_name":"ENTITY_ADS_FROM_SERVICE","table_schema":"SF.METRICS3_STG.ADWORDS_VIEWS"},{"column_default":null,"column_name":"BASE_CAMPAIGN_ID","data_type":"CHARACTER
        VARYING","is_nullable":"YES","ordinal_position":27,"table_name":"ENTITY_ADS_FROM_SERVICE","table_schema":"SF.METRICS3_STG.ADWORDS_VIEWS"},{"column_default":null,"column_name":"POLICY_SUMMARY","data_type":"CHARACTER
        VARYING","is_nullable":"YES","ordinal_position":28,"table_name":"ENTITY_ADS_FROM_SERVICE","table_schema":"SF.METRICS3_STG.ADWORDS_VIEWS"},{"column_default":null,"column_name":"STATUS","data_type":"CHARACTER
        VARYING","is_nullable":"YES","ordinal_position":29,"table_name":"ENTITY_ADS_FROM_SERVICE","table_schema":"SF.METRICS3_STG.ADWORDS_VIEWS"},{"column_default":null,"column_name":"AD__FINAL_APP_URLS","data_type":"CHARACTER
        VARYING","is_nullable":"YES","ordinal_position":30,"table_name":"ENTITY_ADS_FROM_SERVICE","table_schema":"SF.METRICS3_STG.ADWORDS_VIEWS"},{"column_default":null,"column_name":"AD__FINAL_MOBILE_URLS","data_type":"CHARACTER
        VARYING","is_nullable":"YES","ordinal_position":31,"table_name":"ENTITY_ADS_FROM_SERVICE","table_schema":"SF.METRICS3_STG.ADWORDS_VIEWS"},{"column_default":null,"column_name":"AD__FINAL_URLS","data_type":"CHARACTER
        VARYING","is_nullable":"YES","ordinal_position":32,"table_name":"ENTITY_ADS_FROM_SERVICE","table_schema":"SF.METRICS3_STG.ADWORDS_VIEWS"},{"column_default":null,"column_name":"AD__URL_DATA","data_type":"CHARACTER
        VARYING","is_nullable":"YES","ordinal_position":33,"table_name":"ENTITY_ADS_FROM_SERVICE","table_schema":"SF.METRICS3_STG.ADWORDS_VIEWS"},{"column_default":null,"column_name":"AD__FORWARD_COMPATIBILITY_MAP","data_type":"CHARACTER
        VARYING","is_nullable":"YES","ordinal_position":34,"table_name":"ENTITY_ADS_FROM_SERVICE","table_schema":"SF.METRICS3_STG.ADWORDS_VIEWS"},{"column_default":null,"column_name":"LABELS","data_type":"CHARACTER
        VARYING","is_nullable":"YES","ordinal_position":35,"table_name":"ENTITY_ADS_FROM_SERVICE","table_schema":"SF.METRICS3_STG.ADWORDS_VIEWS"}]}

'
    headers:
      Connection:
      - keep-alive
      Content-Length:
      - '7542'
      Content-Type:
      - application/json
      Date:
      - Mon, 03 Aug 2020 09:14:27 GMT
      Via:
      - kong/2.0.3
      X-Amzn-Trace-Id:
      - None
      X-Kong-Proxy-Latency:
      - '0'
      X-Kong-Upstream-Latency:
      - '20'
      x-diesel-request-id:
      - c794d0c5-fb9a-4120-a20b-1ba28160ec9e
    status:
      code: 200
      message: OK
- request:
    body: null
    headers:
      Accept:
      - '*/*'
      Accept-Encoding:
      - gzip, deflate
      Connection:
      - keep-alive
      Content-Length:
      - '0'
      User-Agent:
      - python-requests/2.24.0
    method: POST
    uri: https://diesel.panoramicstg.com/api/v1/federated/metadata/SF/refresh?table_name=METRICS3_STG.ADWORDS_VIEWS.ENTITY_ADVIDEOS&company_slug=operam
  response:
    body:
      string: '{"job_id":"20d82a8b-e4fb-567f-9ddc-1c971f5fa900"}

'
    headers:
      Connection:
      - keep-alive
      Content-Length:
      - '50'
      Content-Type:
      - application/json
      Date:
      - Mon, 03 Aug 2020 09:14:27 GMT
      Via:
      - kong/2.0.3
      X-Amzn-Trace-Id:
      - None
      X-Kong-Proxy-Latency:
      - '1'
      X-Kong-Upstream-Latency:
      - '21'
      x-diesel-request-id:
      - 91fcbae9-3b11-4f94-bb81-753de862c462
    status:
      code: 200
      message: OK
- request:
    body: null
    headers:
      Accept:
      - '*/*'
      Accept-Encoding:
      - gzip, deflate
      Connection:
      - keep-alive
      User-Agent:
      - python-requests/2.24.0
    method: GET
    uri: https://diesel.panoramicstg.com/api/v1/federated/metadata/job/20d82a8b-e4fb-567f-9ddc-1c971f5fa900
  response:
    body:
      string: '{"job_status":"METADATA_RETRIEVAL"}

'
    headers:
      Connection:
      - keep-alive
      Content-Length:
      - '36'
      Content-Type:
      - application/json
      Date:
      - Mon, 03 Aug 2020 09:14:27 GMT
      Via:
      - kong/2.0.3
      X-Amzn-Trace-Id:
      - None
      X-Kong-Proxy-Latency:
      - '1'
      X-Kong-Upstream-Latency:
      - '15'
      x-diesel-request-id:
      - e3e66f19-2e60-4ee0-9bfa-9a60700d04dc
    status:
      code: 200
      message: OK
- request:
    body: null
    headers:
      Accept:
      - '*/*'
      Accept-Encoding:
      - gzip, deflate
      Connection:
      - keep-alive
      User-Agent:
      - python-requests/2.24.0
    method: GET
    uri: https://diesel.panoramicstg.com/api/v1/federated/metadata/job/20d82a8b-e4fb-567f-9ddc-1c971f5fa900
  response:
    body:
      string: '{"job_status":"COMPLETED"}

'
    headers:
      Connection:
      - keep-alive
      Content-Length:
      - '27'
      Content-Type:
      - application/json
      Date:
      - Mon, 03 Aug 2020 09:14:29 GMT
      Via:
      - kong/2.0.3
      X-Amzn-Trace-Id:
      - None
      X-Kong-Proxy-Latency:
      - '0'
      X-Kong-Upstream-Latency:
      - '239'
      x-diesel-request-id:
      - 15fe80af-cfc2-4bdf-a0ad-5147e22a8ba7
    status:
      code: 200
      message: OK
- request:
    body: null
    headers:
      Accept:
      - '*/*'
      Accept-Encoding:
      - gzip, deflate
      Connection:
      - keep-alive
      Content-Length:
      - '0'
      User-Agent:
      - python-requests/2.24.0
    method: POST
    uri: https://diesel.panoramicstg.com/api/v1/federated/metadata/SF/columns?company_slug=operam&table_filter=METRICS3_STG.ADWORDS_VIEWS.ENTITY_ADVIDEOS
  response:
    body:
      string: '{"job_id":"20d82a8a-2094-1c7b-c855-c97d9ab71c00"}

'
    headers:
      Connection:
      - keep-alive
      Content-Length:
      - '50'
      Content-Type:
      - application/json
      Date:
      - Mon, 03 Aug 2020 09:14:29 GMT
      Via:
      - kong/2.0.3
      X-Amzn-Trace-Id:
      - None
      X-Kong-Proxy-Latency:
      - '0'
      X-Kong-Upstream-Latency:
      - '23'
      x-diesel-request-id:
      - 38e3a3f4-337e-4e00-a741-d789d1f20038
    status:
      code: 200
      message: OK
- request:
    body: null
    headers:
      Accept:
      - '*/*'
      Accept-Encoding:
      - gzip, deflate
      Connection:
      - keep-alive
      User-Agent:
      - python-requests/2.24.0
    method: GET
    uri: https://diesel.panoramicstg.com/api/v1/federated/metadata/job/20d82a8a-2094-1c7b-c855-c97d9ab71c00
  response:
    body:
      string: '{"job_status":"RUNNING"}

'
    headers:
      Connection:
      - keep-alive
      Content-Length:
      - '25'
      Content-Type:
      - application/json
      Date:
      - Mon, 03 Aug 2020 09:14:29 GMT
      Via:
      - kong/2.0.3
      X-Amzn-Trace-Id:
      - None
      X-Kong-Proxy-Latency:
      - '0'
      X-Kong-Upstream-Latency:
      - '18'
      x-diesel-request-id:
      - d4345f1c-1239-4cf5-9871-0cc1904d24a5
    status:
      code: 200
      message: OK
- request:
    body: null
    headers:
      Accept:
      - '*/*'
      Accept-Encoding:
      - gzip, deflate
      Connection:
      - keep-alive
      User-Agent:
      - python-requests/2.24.0
    method: GET
    uri: https://diesel.panoramicstg.com/api/v1/federated/metadata/job/20d82a8a-2094-1c7b-c855-c97d9ab71c00
  response:
    body:
      string: '{"job_status":"COMPLETED"}

'
    headers:
      Connection:
      - keep-alive
      Content-Length:
      - '27'
      Content-Type:
      - application/json
      Date:
      - Mon, 03 Aug 2020 09:14:30 GMT
      Via:
      - kong/2.0.3
      X-Amzn-Trace-Id:
      - None
      X-Kong-Proxy-Latency:
      - '0'
      X-Kong-Upstream-Latency:
      - '19'
      x-diesel-request-id:
      - f4af8dd9-2c4f-452c-8d2c-cb56579af257
    status:
      code: 200
      message: OK
- request:
    body: null
    headers:
      Accept:
      - '*/*'
      Accept-Encoding:
      - gzip, deflate
      Connection:
      - keep-alive
      User-Agent:
      - python-requests/2.24.0
    method: GET
    uri: https://diesel.panoramicstg.com/api/v1/federated/metadata/job/20d82a8a-2094-1c7b-c855-c97d9ab71c00/results?offset=0&limit=500
  response:
    body:
      string: '{"data":[{"column_default":null,"column_name":"__RECORD_ID","data_type":"CHARACTER
        VARYING","is_nullable":"YES","ordinal_position":1,"table_name":"ENTITY_ADVIDEOS","table_schema":"SF.METRICS3_STG.ADWORDS_VIEWS"},{"column_default":null,"column_name":"__DATA","data_type":"CHARACTER
        VARYING","is_nullable":"YES","ordinal_position":2,"table_name":"ENTITY_ADVIDEOS","table_schema":"SF.METRICS3_STG.ADWORDS_VIEWS"},{"column_default":null,"column_name":"CAMPAIGN_ID","data_type":"CHARACTER
        VARYING","is_nullable":"YES","ordinal_position":3,"table_name":"ENTITY_ADVIDEOS","table_schema":"SF.METRICS3_STG.ADWORDS_VIEWS"},{"column_default":null,"column_name":"AD_ID","data_type":"CHARACTER
        VARYING","is_nullable":"YES","ordinal_position":4,"table_name":"ENTITY_ADVIDEOS","table_schema":"SF.METRICS3_STG.ADWORDS_VIEWS"},{"column_default":null,"column_name":"AD_GROUP_ID","data_type":"CHARACTER
        VARYING","is_nullable":"YES","ordinal_position":5,"table_name":"ENTITY_ADVIDEOS","table_schema":"SF.METRICS3_STG.ADWORDS_VIEWS"},{"column_default":null,"column_name":"CUSTOMER_ID","data_type":"CHARACTER
        VARYING","is_nullable":"YES","ordinal_position":6,"table_name":"ENTITY_ADVIDEOS","table_schema":"SF.METRICS3_STG.ADWORDS_VIEWS"},{"column_default":null,"column_name":"__EXTRACTED_AT","data_type":"TIMESTAMP","is_nullable":"YES","ordinal_position":7,"table_name":"ENTITY_ADVIDEOS","table_schema":"SF.METRICS3_STG.ADWORDS_VIEWS"},{"column_default":null,"column_name":"__PROCESSED_AT","data_type":"TIMESTAMP","is_nullable":"YES","ordinal_position":8,"table_name":"ENTITY_ADVIDEOS","table_schema":"SF.METRICS3_STG.ADWORDS_VIEWS"},{"column_default":null,"column_name":"__API_VERSION","data_type":"CHARACTER
        VARYING","is_nullable":"YES","ordinal_position":9,"table_name":"ENTITY_ADVIDEOS","table_schema":"SF.METRICS3_STG.ADWORDS_VIEWS"},{"column_default":null,"column_name":"VIDEO_TITLE","data_type":"CHARACTER
        VARYING","is_nullable":"YES","ordinal_position":10,"table_name":"ENTITY_ADVIDEOS","table_schema":"SF.METRICS3_STG.ADWORDS_VIEWS"},{"column_default":null,"column_name":"VIDEO_DURATION","data_type":"DECIMAL","is_nullable":"YES","ordinal_position":11,"table_name":"ENTITY_ADVIDEOS","table_schema":"SF.METRICS3_STG.ADWORDS_VIEWS"},{"column_default":null,"column_name":"VIDEO_ID","data_type":"CHARACTER
        VARYING","is_nullable":"YES","ordinal_position":12,"table_name":"ENTITY_ADVIDEOS","table_schema":"SF.METRICS3_STG.ADWORDS_VIEWS"},{"column_default":null,"column_name":"VIDEO_CHANNEL_ID","data_type":"CHARACTER
        VARYING","is_nullable":"YES","ordinal_position":13,"table_name":"ENTITY_ADVIDEOS","table_schema":"SF.METRICS3_STG.ADWORDS_VIEWS"}]}

'
    headers:
      Connection:
      - keep-alive
      Content-Length:
      - '2630'
      Content-Type:
      - application/json
      Date:
      - Mon, 03 Aug 2020 09:14:30 GMT
      Via:
      - kong/2.0.3
      X-Amzn-Trace-Id:
      - None
      X-Kong-Proxy-Latency:
      - '0'
      X-Kong-Upstream-Latency:
      - '20'
      x-diesel-request-id:
      - 49dfc7f6-2285-4433-98ee-978296411108
    status:
      code: 200
      message: OK
- request:
    body: null
    headers:
      Accept:
      - '*/*'
      Accept-Encoding:
      - gzip, deflate
      Connection:
      - keep-alive
      Content-Length:
      - '0'
      User-Agent:
      - python-requests/2.24.0
    method: POST
    uri: https://diesel.panoramicstg.com/api/v1/federated/metadata/SF/refresh?table_name=METRICS3_STG.ADWORDS_VIEWS.ENTITY_CAMPAIGNS&company_slug=operam
  response:
    body:
      string: '{"job_id":"20d82a88-c0c0-75b0-d8a0-b76b57ca2900"}

'
    headers:
      Connection:
      - keep-alive
      Content-Length:
      - '50'
      Content-Type:
      - application/json
      Date:
      - Mon, 03 Aug 2020 09:14:30 GMT
      Via:
      - kong/2.0.3
      X-Amzn-Trace-Id:
      - None
      X-Kong-Proxy-Latency:
      - '1'
      X-Kong-Upstream-Latency:
      - '23'
      x-diesel-request-id:
      - 6a29b840-5e07-4ab6-bb3b-1f89ee9dff8d
    status:
      code: 200
      message: OK
- request:
    body: null
    headers:
      Accept:
      - '*/*'
      Accept-Encoding:
      - gzip, deflate
      Connection:
      - keep-alive
      User-Agent:
      - python-requests/2.24.0
    method: GET
    uri: https://diesel.panoramicstg.com/api/v1/federated/metadata/job/20d82a88-c0c0-75b0-d8a0-b76b57ca2900
  response:
    body:
      string: '{"job_status":"METADATA_RETRIEVAL"}

'
    headers:
      Connection:
      - keep-alive
      Content-Length:
      - '36'
      Content-Type:
      - application/json
      Date:
      - Mon, 03 Aug 2020 09:14:31 GMT
      Via:
      - kong/2.0.3
      X-Amzn-Trace-Id:
      - None
      X-Kong-Proxy-Latency:
      - '1'
      X-Kong-Upstream-Latency:
      - '14'
      x-diesel-request-id:
      - 1cefecfc-07e0-4809-8f1c-ac0e97cb18e2
    status:
      code: 200
      message: OK
- request:
    body: null
    headers:
      Accept:
      - '*/*'
      Accept-Encoding:
      - gzip, deflate
      Connection:
      - keep-alive
      User-Agent:
      - python-requests/2.24.0
    method: GET
    uri: https://diesel.panoramicstg.com/api/v1/federated/metadata/job/20d82a88-c0c0-75b0-d8a0-b76b57ca2900
  response:
    body:
      string: '{"job_status":"METADATA_RETRIEVAL"}

'
    headers:
      Connection:
      - keep-alive
      Content-Length:
      - '36'
      Content-Type:
      - application/json
      Date:
      - Mon, 03 Aug 2020 09:14:32 GMT
      Via:
      - kong/2.0.3
      X-Amzn-Trace-Id:
      - None
      X-Kong-Proxy-Latency:
      - '1'
      X-Kong-Upstream-Latency:
      - '17'
      x-diesel-request-id:
      - f75ebdc4-b2ae-4eef-a4b8-52372dcc046d
    status:
      code: 200
      message: OK
- request:
    body: null
    headers:
      Accept:
      - '*/*'
      Accept-Encoding:
      - gzip, deflate
      Connection:
      - keep-alive
      User-Agent:
      - python-requests/2.24.0
    method: GET
    uri: https://diesel.panoramicstg.com/api/v1/federated/metadata/job/20d82a88-c0c0-75b0-d8a0-b76b57ca2900
  response:
    body:
      string: '{"job_status":"METADATA_RETRIEVAL"}

'
    headers:
      Connection:
      - keep-alive
      Content-Length:
      - '36'
      Content-Type:
      - application/json
      Date:
      - Mon, 03 Aug 2020 09:14:33 GMT
      Via:
      - kong/2.0.3
      X-Amzn-Trace-Id:
      - None
      X-Kong-Proxy-Latency:
      - '0'
      X-Kong-Upstream-Latency:
      - '17'
      x-diesel-request-id:
      - aae189cc-74bf-41a8-91e0-ad4842f12408
    status:
      code: 200
      message: OK
- request:
    body: null
    headers:
      Accept:
      - '*/*'
      Accept-Encoding:
      - gzip, deflate
      Connection:
      - keep-alive
      User-Agent:
      - python-requests/2.24.0
    method: GET
    uri: https://diesel.panoramicstg.com/api/v1/federated/metadata/job/20d82a88-c0c0-75b0-d8a0-b76b57ca2900
  response:
    body:
      string: '{"job_status":"METADATA_RETRIEVAL"}

'
    headers:
      Connection:
      - keep-alive
      Content-Length:
      - '36'
      Content-Type:
      - application/json
      Date:
      - Mon, 03 Aug 2020 09:14:34 GMT
      Via:
      - kong/2.0.3
      X-Amzn-Trace-Id:
      - None
      X-Kong-Proxy-Latency:
      - '0'
      X-Kong-Upstream-Latency:
      - '22'
      x-diesel-request-id:
      - 7b84d8c0-bdb3-4a15-8f10-f56f8d7b1deb
    status:
      code: 200
      message: OK
- request:
    body: null
    headers:
      Accept:
      - '*/*'
      Accept-Encoding:
      - gzip, deflate
      Connection:
      - keep-alive
      User-Agent:
      - python-requests/2.24.0
    method: GET
    uri: https://diesel.panoramicstg.com/api/v1/federated/metadata/job/20d82a88-c0c0-75b0-d8a0-b76b57ca2900
  response:
    body:
      string: '{"job_status":"METADATA_RETRIEVAL"}

'
    headers:
      Connection:
      - keep-alive
      Content-Length:
      - '36'
      Content-Type:
      - application/json
      Date:
      - Mon, 03 Aug 2020 09:14:35 GMT
      Via:
      - kong/2.0.3
      X-Amzn-Trace-Id:
      - None
      X-Kong-Proxy-Latency:
      - '1'
      X-Kong-Upstream-Latency:
      - '16'
      x-diesel-request-id:
      - be56fcdf-08c7-4829-8635-3768aaa718c4
    status:
      code: 200
      message: OK
- request:
    body: null
    headers:
      Accept:
      - '*/*'
      Accept-Encoding:
      - gzip, deflate
      Connection:
      - keep-alive
      User-Agent:
      - python-requests/2.24.0
    method: GET
    uri: https://diesel.panoramicstg.com/api/v1/federated/metadata/job/20d82a88-c0c0-75b0-d8a0-b76b57ca2900
  response:
    body:
      string: '{"job_status":"METADATA_RETRIEVAL"}

'
    headers:
      Connection:
      - keep-alive
      Content-Length:
      - '36'
      Content-Type:
      - application/json
      Date:
      - Mon, 03 Aug 2020 09:14:36 GMT
      Via:
      - kong/2.0.3
      X-Amzn-Trace-Id:
      - None
      X-Kong-Proxy-Latency:
      - '0'
      X-Kong-Upstream-Latency:
      - '16'
      x-diesel-request-id:
      - d859f13e-31f8-4e0f-b223-b19747941937
    status:
      code: 200
      message: OK
- request:
    body: null
    headers:
      Accept:
      - '*/*'
      Accept-Encoding:
      - gzip, deflate
      Connection:
      - keep-alive
      User-Agent:
      - python-requests/2.24.0
    method: GET
    uri: https://diesel.panoramicstg.com/api/v1/federated/metadata/job/20d82a88-c0c0-75b0-d8a0-b76b57ca2900
  response:
    body:
      string: '{"job_status":"METADATA_RETRIEVAL"}

'
    headers:
      Connection:
      - keep-alive
      Content-Length:
      - '36'
      Content-Type:
      - application/json
      Date:
      - Mon, 03 Aug 2020 09:14:37 GMT
      Via:
      - kong/2.0.3
      X-Amzn-Trace-Id:
      - None
      X-Kong-Proxy-Latency:
      - '1'
      X-Kong-Upstream-Latency:
      - '16'
      x-diesel-request-id:
      - 5dc78745-695b-4dc0-9abc-cb66c99fa224
    status:
      code: 200
      message: OK
- request:
    body: null
    headers:
      Accept:
      - '*/*'
      Accept-Encoding:
      - gzip, deflate
      Connection:
      - keep-alive
      User-Agent:
      - python-requests/2.24.0
    method: GET
    uri: https://diesel.panoramicstg.com/api/v1/federated/metadata/job/20d82a88-c0c0-75b0-d8a0-b76b57ca2900
  response:
    body:
      string: '{"job_status":"METADATA_RETRIEVAL"}

'
    headers:
      Connection:
      - keep-alive
      Content-Length:
      - '36'
      Content-Type:
      - application/json
      Date:
      - Mon, 03 Aug 2020 09:14:39 GMT
      Via:
      - kong/2.0.3
      X-Amzn-Trace-Id:
      - None
      X-Kong-Proxy-Latency:
      - '0'
      X-Kong-Upstream-Latency:
      - '17'
      x-diesel-request-id:
      - c7184974-076d-44dc-89ec-79f58b5a1434
    status:
      code: 200
      message: OK
- request:
    body: null
    headers:
      Accept:
      - '*/*'
      Accept-Encoding:
      - gzip, deflate
      Connection:
      - keep-alive
      User-Agent:
      - python-requests/2.24.0
    method: GET
    uri: https://diesel.panoramicstg.com/api/v1/federated/metadata/job/20d82a88-c0c0-75b0-d8a0-b76b57ca2900
  response:
    body:
      string: '{"job_status":"METADATA_RETRIEVAL"}

'
    headers:
      Connection:
      - keep-alive
      Content-Length:
      - '36'
      Content-Type:
      - application/json
      Date:
      - Mon, 03 Aug 2020 09:14:40 GMT
      Via:
      - kong/2.0.3
      X-Amzn-Trace-Id:
      - None
      X-Kong-Proxy-Latency:
      - '0'
      X-Kong-Upstream-Latency:
      - '16'
      x-diesel-request-id:
      - b49cb50b-5de9-4506-bb23-95ce48ccb30a
    status:
      code: 200
      message: OK
- request:
    body: null
    headers:
      Accept:
      - '*/*'
      Accept-Encoding:
      - gzip, deflate
      Connection:
      - keep-alive
      User-Agent:
      - python-requests/2.24.0
    method: GET
    uri: https://diesel.panoramicstg.com/api/v1/federated/metadata/job/20d82a88-c0c0-75b0-d8a0-b76b57ca2900
  response:
    body:
      string: '{"job_status":"COMPLETED"}

'
    headers:
      Connection:
      - keep-alive
      Content-Length:
      - '27'
      Content-Type:
      - application/json
      Date:
      - Mon, 03 Aug 2020 09:14:41 GMT
      Via:
      - kong/2.0.3
      X-Amzn-Trace-Id:
      - None
      X-Kong-Proxy-Latency:
      - '0'
      X-Kong-Upstream-Latency:
      - '22'
      x-diesel-request-id:
      - 812f3820-d4e3-4e65-97d1-6f8c295b720a
    status:
      code: 200
      message: OK
- request:
    body: null
    headers:
      Accept:
      - '*/*'
      Accept-Encoding:
      - gzip, deflate
      Connection:
      - keep-alive
      Content-Length:
      - '0'
      User-Agent:
      - python-requests/2.24.0
    method: POST
    uri: https://diesel.panoramicstg.com/api/v1/federated/metadata/SF/columns?company_slug=operam&table_filter=METRICS3_STG.ADWORDS_VIEWS.ENTITY_CAMPAIGNS
  response:
    body:
      string: '{"job_id":"20d82a7e-585c-46e1-1928-d0cea88c1200"}

'
    headers:
      Connection:
      - keep-alive
      Content-Length:
      - '50'
      Content-Type:
      - application/json
      Date:
      - Mon, 03 Aug 2020 09:14:41 GMT
      Via:
      - kong/2.0.3
      X-Amzn-Trace-Id:
      - None
      X-Kong-Proxy-Latency:
      - '0'
      X-Kong-Upstream-Latency:
      - '46'
      x-diesel-request-id:
      - bfd7896b-492c-4f1c-b0c2-604167d55df7
    status:
      code: 200
      message: OK
- request:
    body: null
    headers:
      Accept:
      - '*/*'
      Accept-Encoding:
      - gzip, deflate
      Connection:
      - keep-alive
      User-Agent:
      - python-requests/2.24.0
    method: GET
    uri: https://diesel.panoramicstg.com/api/v1/federated/metadata/job/20d82a7e-585c-46e1-1928-d0cea88c1200
  response:
    body:
      string: '{"job_status":"RUNNING"}

'
    headers:
      Connection:
      - keep-alive
      Content-Length:
      - '25'
      Content-Type:
      - application/json
      Date:
      - Mon, 03 Aug 2020 09:14:41 GMT
      Via:
      - kong/2.0.3
      X-Amzn-Trace-Id:
      - None
      X-Kong-Proxy-Latency:
      - '0'
      X-Kong-Upstream-Latency:
      - '18'
      x-diesel-request-id:
      - 95fe1b88-c6f3-48b7-98e1-92f11af57cac
    status:
      code: 200
      message: OK
- request:
    body: null
    headers:
      Accept:
      - '*/*'
      Accept-Encoding:
      - gzip, deflate
      Connection:
      - keep-alive
      User-Agent:
      - python-requests/2.24.0
    method: GET
    uri: https://diesel.panoramicstg.com/api/v1/federated/metadata/job/20d82a7e-585c-46e1-1928-d0cea88c1200
  response:
    body:
      string: '{"job_status":"COMPLETED"}

'
    headers:
      Connection:
      - keep-alive
      Content-Length:
      - '27'
      Content-Type:
      - application/json
      Date:
      - Mon, 03 Aug 2020 09:14:42 GMT
      Via:
      - kong/2.0.3
      X-Amzn-Trace-Id:
      - None
      X-Kong-Proxy-Latency:
      - '1'
      X-Kong-Upstream-Latency:
      - '18'
      x-diesel-request-id:
      - a12dc704-50ba-46ef-a73e-bfef3a4a58a0
    status:
      code: 200
      message: OK
- request:
    body: null
    headers:
      Accept:
      - '*/*'
      Accept-Encoding:
      - gzip, deflate
      Connection:
      - keep-alive
      User-Agent:
      - python-requests/2.24.0
    method: GET
    uri: https://diesel.panoramicstg.com/api/v1/federated/metadata/job/20d82a7e-585c-46e1-1928-d0cea88c1200/results?offset=0&limit=500
  response:
    body:
      string: '{"data":[{"column_default":null,"column_name":"CAMPAIGN_ID","data_type":"CHARACTER
        VARYING","is_nullable":"YES","ordinal_position":1,"table_name":"ENTITY_CAMPAIGNS","table_schema":"SF.METRICS3_STG.ADWORDS_VIEWS"},{"column_default":null,"column_name":"CUSTOMER_ID","data_type":"CHARACTER
        VARYING","is_nullable":"YES","ordinal_position":2,"table_name":"ENTITY_CAMPAIGNS","table_schema":"SF.METRICS3_STG.ADWORDS_VIEWS"},{"column_default":null,"column_name":"__DATA","data_type":"CHARACTER
        VARYING","is_nullable":"YES","ordinal_position":3,"table_name":"ENTITY_CAMPAIGNS","table_schema":"SF.METRICS3_STG.ADWORDS_VIEWS"},{"column_default":null,"column_name":"__API_VERSION","data_type":"CHARACTER
        VARYING","is_nullable":"YES","ordinal_position":4,"table_name":"ENTITY_CAMPAIGNS","table_schema":"SF.METRICS3_STG.ADWORDS_VIEWS"},{"column_default":null,"column_name":"__PROCESSED_AT","data_type":"TIMESTAMP","is_nullable":"YES","ordinal_position":5,"table_name":"ENTITY_CAMPAIGNS","table_schema":"SF.METRICS3_STG.ADWORDS_VIEWS"},{"column_default":null,"column_name":"__EXTRACTED_AT","data_type":"TIMESTAMP","is_nullable":"YES","ordinal_position":6,"table_name":"ENTITY_CAMPAIGNS","table_schema":"SF.METRICS3_STG.ADWORDS_VIEWS"},{"column_default":null,"column_name":"__RECORD_ID","data_type":"CHARACTER
        VARYING","is_nullable":"YES","ordinal_position":7,"table_name":"ENTITY_CAMPAIGNS","table_schema":"SF.METRICS3_STG.ADWORDS_VIEWS"},{"column_default":null,"column_name":"CAMPAIGN","data_type":"CHARACTER
        VARYING","is_nullable":"YES","ordinal_position":8,"table_name":"ENTITY_CAMPAIGNS","table_schema":"SF.METRICS3_STG.ADWORDS_VIEWS"},{"column_default":null,"column_name":"BUDGET","data_type":"DECIMAL","is_nullable":"YES","ordinal_position":9,"table_name":"ENTITY_CAMPAIGNS","table_schema":"SF.METRICS3_STG.ADWORDS_VIEWS"},{"column_default":null,"column_name":"START_DATE","data_type":"TIMESTAMP","is_nullable":"YES","ordinal_position":10,"table_name":"ENTITY_CAMPAIGNS","table_schema":"SF.METRICS3_STG.ADWORDS_VIEWS"},{"column_default":null,"column_name":"END_DATE","data_type":"TIMESTAMP","is_nullable":"YES","ordinal_position":11,"table_name":"ENTITY_CAMPAIGNS","table_schema":"SF.METRICS3_STG.ADWORDS_VIEWS"},{"column_default":null,"column_name":"ADVERTISING_CHANNEL","data_type":"CHARACTER
        VARYING","is_nullable":"YES","ordinal_position":12,"table_name":"ENTITY_CAMPAIGNS","table_schema":"SF.METRICS3_STG.ADWORDS_VIEWS"},{"column_default":null,"column_name":"BID_STRATEGY_TYPE","data_type":"CHARACTER
        VARYING","is_nullable":"YES","ordinal_position":13,"table_name":"ENTITY_CAMPAIGNS","table_schema":"SF.METRICS3_STG.ADWORDS_VIEWS"},{"column_default":null,"column_name":"CAMPAIGN_SERVING_STATUS","data_type":"CHARACTER
        VARYING","is_nullable":"YES","ordinal_position":14,"table_name":"ENTITY_CAMPAIGNS","table_schema":"SF.METRICS3_STG.ADWORDS_VIEWS"},{"column_default":null,"column_name":"CAMPAIGN_STATE","data_type":"CHARACTER
        VARYING","is_nullable":"YES","ordinal_position":15,"table_name":"ENTITY_CAMPAIGNS","table_schema":"SF.METRICS3_STG.ADWORDS_VIEWS"}]}

'
    headers:
      Connection:
      - keep-alive
      Content-Length:
      - '3055'
      Content-Type:
      - application/json
      Date:
      - Mon, 03 Aug 2020 09:14:43 GMT
      Via:
      - kong/2.0.3
      X-Amzn-Trace-Id:
      - None
      X-Kong-Proxy-Latency:
      - '1'
      X-Kong-Upstream-Latency:
      - '19'
      x-diesel-request-id:
      - 6f763990-adf8-44f8-ac3d-b4613ea41e0b
    status:
      code: 200
      message: OK
- request:
    body: null
    headers:
      Accept:
      - '*/*'
      Accept-Encoding:
      - gzip, deflate
      Connection:
      - keep-alive
      Content-Length:
      - '0'
      User-Agent:
      - python-requests/2.24.0
    method: POST
    uri: https://diesel.panoramicstg.com/api/v1/federated/metadata/SF/refresh?table_name=METRICS3_STG.ADWORDS_VIEWS.ENTITY_CAMPAIGNS_CRITERION&company_slug=operam
  response:
    body:
      string: '{"job_id":"20d82a7c-17b5-5e30-ad6d-2d691ccac700"}

'
    headers:
      Connection:
      - keep-alive
      Content-Length:
      - '50'
      Content-Type:
      - application/json
      Date:
      - Mon, 03 Aug 2020 09:14:43 GMT
      Via:
      - kong/2.0.3
      X-Amzn-Trace-Id:
      - None
      X-Kong-Proxy-Latency:
      - '0'
      X-Kong-Upstream-Latency:
      - '24'
      x-diesel-request-id:
      - f981e0f7-559a-4172-a667-6a6e56df2e4b
    status:
      code: 200
      message: OK
- request:
    body: null
    headers:
      Accept:
      - '*/*'
      Accept-Encoding:
      - gzip, deflate
      Connection:
      - keep-alive
      User-Agent:
      - python-requests/2.24.0
    method: GET
    uri: https://diesel.panoramicstg.com/api/v1/federated/metadata/job/20d82a7c-17b5-5e30-ad6d-2d691ccac700
  response:
    body:
      string: '{"job_status":"METADATA_RETRIEVAL"}

'
    headers:
      Connection:
      - keep-alive
      Content-Length:
      - '36'
      Content-Type:
      - application/json
      Date:
      - Mon, 03 Aug 2020 09:14:43 GMT
      Via:
      - kong/2.0.3
      X-Amzn-Trace-Id:
      - None
      X-Kong-Proxy-Latency:
      - '0'
      X-Kong-Upstream-Latency:
      - '18'
      x-diesel-request-id:
      - 6695c58e-0ea2-4a0b-9997-fe9c69af531f
    status:
      code: 200
      message: OK
- request:
    body: null
    headers:
      Accept:
      - '*/*'
      Accept-Encoding:
      - gzip, deflate
      Connection:
      - keep-alive
      User-Agent:
      - python-requests/2.24.0
    method: GET
    uri: https://diesel.panoramicstg.com/api/v1/federated/metadata/job/20d82a7c-17b5-5e30-ad6d-2d691ccac700
  response:
    body:
      string: '{"job_status":"COMPLETED"}

'
    headers:
      Connection:
      - keep-alive
      Content-Length:
      - '27'
      Content-Type:
      - application/json
      Date:
      - Mon, 03 Aug 2020 09:14:44 GMT
      Via:
      - kong/2.0.3
      X-Amzn-Trace-Id:
      - None
      X-Kong-Proxy-Latency:
      - '0'
      X-Kong-Upstream-Latency:
      - '17'
      x-diesel-request-id:
      - 44e2b8cc-377c-4c4a-80d8-e79c163fe27f
    status:
      code: 200
      message: OK
- request:
    body: null
    headers:
      Accept:
      - '*/*'
      Accept-Encoding:
      - gzip, deflate
      Connection:
      - keep-alive
      Content-Length:
      - '0'
      User-Agent:
      - python-requests/2.24.0
    method: POST
    uri: https://diesel.panoramicstg.com/api/v1/federated/metadata/SF/columns?company_slug=operam&table_filter=METRICS3_STG.ADWORDS_VIEWS.ENTITY_CAMPAIGNS_CRITERION
  response:
    body:
      string: '{"job_id":"20d82a7b-5e00-0e7a-c875-bcbe0921bd00"}

'
    headers:
      Connection:
      - keep-alive
      Content-Length:
      - '50'
      Content-Type:
      - application/json
      Date:
      - Mon, 03 Aug 2020 09:14:44 GMT
      Via:
      - kong/2.0.3
      X-Amzn-Trace-Id:
      - None
      X-Kong-Proxy-Latency:
      - '0'
      X-Kong-Upstream-Latency:
      - '22'
      x-diesel-request-id:
      - d728bd7b-673b-4cd6-9b4f-71ec93183fad
    status:
      code: 200
      message: OK
- request:
    body: null
    headers:
      Accept:
      - '*/*'
      Accept-Encoding:
      - gzip, deflate
      Connection:
      - keep-alive
      User-Agent:
      - python-requests/2.24.0
    method: GET
    uri: https://diesel.panoramicstg.com/api/v1/federated/metadata/job/20d82a7b-5e00-0e7a-c875-bcbe0921bd00
  response:
    body:
      string: '{"job_status":"RUNNING"}

'
    headers:
      Connection:
      - keep-alive
      Content-Length:
      - '25'
      Content-Type:
      - application/json
      Date:
      - Mon, 03 Aug 2020 09:14:44 GMT
      Via:
      - kong/2.0.3
      X-Amzn-Trace-Id:
      - None
      X-Kong-Proxy-Latency:
      - '0'
      X-Kong-Upstream-Latency:
      - '18'
      x-diesel-request-id:
      - 3816100a-310b-4c29-b6ff-7fd069ba5b8d
    status:
      code: 200
      message: OK
- request:
    body: null
    headers:
      Accept:
      - '*/*'
      Accept-Encoding:
      - gzip, deflate
      Connection:
      - keep-alive
      User-Agent:
      - python-requests/2.24.0
    method: GET
    uri: https://diesel.panoramicstg.com/api/v1/federated/metadata/job/20d82a7b-5e00-0e7a-c875-bcbe0921bd00
  response:
    body:
      string: '{"job_status":"COMPLETED"}

'
    headers:
      Connection:
      - keep-alive
      Content-Length:
      - '27'
      Content-Type:
      - application/json
      Date:
      - Mon, 03 Aug 2020 09:14:45 GMT
      Via:
      - kong/2.0.3
      X-Amzn-Trace-Id:
      - None
      X-Kong-Proxy-Latency:
      - '1'
      X-Kong-Upstream-Latency:
      - '21'
      x-diesel-request-id:
      - fbbed1ef-87eb-4734-b606-60f1f430d159
    status:
      code: 200
      message: OK
- request:
    body: null
    headers:
      Accept:
      - '*/*'
      Accept-Encoding:
      - gzip, deflate
      Connection:
      - keep-alive
      User-Agent:
      - python-requests/2.24.0
    method: GET
    uri: https://diesel.panoramicstg.com/api/v1/federated/metadata/job/20d82a7b-5e00-0e7a-c875-bcbe0921bd00/results?offset=0&limit=500
  response:
    body:
      string: '{"data":[{"column_default":null,"column_name":"__RECORD_ID","data_type":"CHARACTER
        VARYING","is_nullable":"YES","ordinal_position":1,"table_name":"ENTITY_CAMPAIGNS_CRITERION","table_schema":"SF.METRICS3_STG.ADWORDS_VIEWS"},{"column_default":null,"column_name":"__DATA","data_type":"CHARACTER
        VARYING","is_nullable":"YES","ordinal_position":2,"table_name":"ENTITY_CAMPAIGNS_CRITERION","table_schema":"SF.METRICS3_STG.ADWORDS_VIEWS"},{"column_default":null,"column_name":"__PROCESSED_AT","data_type":"TIMESTAMP","is_nullable":"YES","ordinal_position":3,"table_name":"ENTITY_CAMPAIGNS_CRITERION","table_schema":"SF.METRICS3_STG.ADWORDS_VIEWS"},{"column_default":null,"column_name":"__EXTRACTED_AT","data_type":"TIMESTAMP","is_nullable":"YES","ordinal_position":4,"table_name":"ENTITY_CAMPAIGNS_CRITERION","table_schema":"SF.METRICS3_STG.ADWORDS_VIEWS"},{"column_default":null,"column_name":"__API_VERSION","data_type":"CHARACTER
        VARYING","is_nullable":"YES","ordinal_position":5,"table_name":"ENTITY_CAMPAIGNS_CRITERION","table_schema":"SF.METRICS3_STG.ADWORDS_VIEWS"},{"column_default":null,"column_name":"CUSTOMER_ID","data_type":"CHARACTER
        VARYING","is_nullable":"YES","ordinal_position":6,"table_name":"ENTITY_CAMPAIGNS_CRITERION","table_schema":"SF.METRICS3_STG.ADWORDS_VIEWS"},{"column_default":null,"column_name":"CAMPAIGN_ID","data_type":"CHARACTER
        VARYING","is_nullable":"YES","ordinal_position":7,"table_name":"ENTITY_CAMPAIGNS_CRITERION","table_schema":"SF.METRICS3_STG.ADWORDS_VIEWS"},{"column_default":null,"column_name":"CRITERION_ID","data_type":"CHARACTER
        VARYING","is_nullable":"YES","ordinal_position":8,"table_name":"ENTITY_CAMPAIGNS_CRITERION","table_schema":"SF.METRICS3_STG.ADWORDS_VIEWS"},{"column_default":null,"column_name":"CRITERION_TYPE","data_type":"CHARACTER
        VARYING","is_nullable":"YES","ordinal_position":9,"table_name":"ENTITY_CAMPAIGNS_CRITERION","table_schema":"SF.METRICS3_STG.ADWORDS_VIEWS"},{"column_default":null,"column_name":"BASE_CAMPAIGN_ID","data_type":"CHARACTER
        VARYING","is_nullable":"YES","ordinal_position":10,"table_name":"ENTITY_CAMPAIGNS_CRITERION","table_schema":"SF.METRICS3_STG.ADWORDS_VIEWS"},{"column_default":null,"column_name":"BID_MODIFIER","data_type":"CHARACTER
        VARYING","is_nullable":"YES","ordinal_position":11,"table_name":"ENTITY_CAMPAIGNS_CRITERION","table_schema":"SF.METRICS3_STG.ADWORDS_VIEWS"},{"column_default":null,"column_name":"CAMPAIGN_CRITERION_STATUS","data_type":"CHARACTER
        VARYING","is_nullable":"YES","ordinal_position":12,"table_name":"ENTITY_CAMPAIGNS_CRITERION","table_schema":"SF.METRICS3_STG.ADWORDS_VIEWS"},{"column_default":null,"column_name":"CRITERION__CRITERION_TYPE","data_type":"CHARACTER
        VARYING","is_nullable":"YES","ordinal_position":13,"table_name":"ENTITY_CAMPAIGNS_CRITERION","table_schema":"SF.METRICS3_STG.ADWORDS_VIEWS"},{"column_default":null,"column_name":"CRITERION__PLATFORM_NAME","data_type":"CHARACTER
        VARYING","is_nullable":"YES","ordinal_position":14,"table_name":"ENTITY_CAMPAIGNS_CRITERION","table_schema":"SF.METRICS3_STG.ADWORDS_VIEWS"},{"column_default":null,"column_name":"CRITERION__TYPE","data_type":"CHARACTER
        VARYING","is_nullable":"YES","ordinal_position":15,"table_name":"ENTITY_CAMPAIGNS_CRITERION","table_schema":"SF.METRICS3_STG.ADWORDS_VIEWS"},{"column_default":null,"column_name":"IS_NEGATIVE","data_type":"BOOLEAN","is_nullable":"YES","ordinal_position":16,"table_name":"ENTITY_CAMPAIGNS_CRITERION","table_schema":"SF.METRICS3_STG.ADWORDS_VIEWS"},{"column_default":null,"column_name":"FORWARD_COMPATIBILITY_MAP","data_type":"CHARACTER
        VARYING","is_nullable":"YES","ordinal_position":17,"table_name":"ENTITY_CAMPAIGNS_CRITERION","table_schema":"SF.METRICS3_STG.ADWORDS_VIEWS"}]}

'
    headers:
      Connection:
      - keep-alive
      Content-Length:
      - '3703'
      Content-Type:
      - application/json
      Date:
      - Mon, 03 Aug 2020 09:14:46 GMT
      Via:
      - kong/2.0.3
      X-Amzn-Trace-Id:
      - None
      X-Kong-Proxy-Latency:
      - '0'
      X-Kong-Upstream-Latency:
      - '21'
      x-diesel-request-id:
      - 4cf99a48-5879-4e72-88e4-5e37aa5e7643
    status:
      code: 200
      message: OK
- request:
    body: null
    headers:
      Accept:
      - '*/*'
      Accept-Encoding:
      - gzip, deflate
      Connection:
      - keep-alive
      Content-Length:
      - '0'
      User-Agent:
      - python-requests/2.24.0
    method: POST
    uri: https://diesel.panoramicstg.com/api/v1/federated/metadata/SF/refresh?table_name=METRICS3_STG.ADWORDS_VIEWS.ENTITY_CAMPAIGNS_FROM_SERVICE&company_slug=operam
  response:
    body:
      string: '{"job_id":"20d82a79-4ba8-34e2-7cc3-58c767752800"}

'
    headers:
      Connection:
      - keep-alive
      Content-Length:
      - '50'
      Content-Type:
      - application/json
      Date:
      - Mon, 03 Aug 2020 09:14:46 GMT
      Via:
      - kong/2.0.3
      X-Amzn-Trace-Id:
      - None
      X-Kong-Proxy-Latency:
      - '0'
      X-Kong-Upstream-Latency:
      - '23'
      x-diesel-request-id:
      - 882078ef-5bbd-4e5b-9ff9-429ba6cf0231
    status:
      code: 200
      message: OK
- request:
    body: null
    headers:
      Accept:
      - '*/*'
      Accept-Encoding:
      - gzip, deflate
      Connection:
      - keep-alive
      User-Agent:
      - python-requests/2.24.0
    method: GET
    uri: https://diesel.panoramicstg.com/api/v1/federated/metadata/job/20d82a79-4ba8-34e2-7cc3-58c767752800
  response:
    body:
      string: '{"job_status":"METADATA_RETRIEVAL"}

'
    headers:
      Connection:
      - keep-alive
      Content-Length:
      - '36'
      Content-Type:
      - application/json
      Date:
      - Mon, 03 Aug 2020 09:14:46 GMT
      Via:
      - kong/2.0.3
      X-Amzn-Trace-Id:
      - None
      X-Kong-Proxy-Latency:
      - '1'
      X-Kong-Upstream-Latency:
      - '16'
      x-diesel-request-id:
      - 8ce38b21-8c44-4f51-8a5e-a2b8b869e751
    status:
      code: 200
      message: OK
- request:
    body: null
    headers:
      Accept:
      - '*/*'
      Accept-Encoding:
      - gzip, deflate
      Connection:
      - keep-alive
      User-Agent:
      - python-requests/2.24.0
    method: GET
    uri: https://diesel.panoramicstg.com/api/v1/federated/metadata/job/20d82a79-4ba8-34e2-7cc3-58c767752800
  response:
    body:
      string: '{"job_status":"METADATA_RETRIEVAL"}

'
    headers:
      Connection:
      - keep-alive
      Content-Length:
      - '36'
      Content-Type:
      - application/json
      Date:
      - Mon, 03 Aug 2020 09:14:47 GMT
      Via:
      - kong/2.0.3
      X-Amzn-Trace-Id:
      - None
      X-Kong-Proxy-Latency:
      - '0'
      X-Kong-Upstream-Latency:
      - '15'
      x-diesel-request-id:
      - a9eaad4b-5bf5-4534-b884-6a7834eaa714
    status:
      code: 200
      message: OK
- request:
    body: null
    headers:
      Accept:
      - '*/*'
      Accept-Encoding:
      - gzip, deflate
      Connection:
      - keep-alive
      User-Agent:
      - python-requests/2.24.0
    method: GET
    uri: https://diesel.panoramicstg.com/api/v1/federated/metadata/job/20d82a79-4ba8-34e2-7cc3-58c767752800
  response:
    body:
      string: '{"job_status":"COMPLETED"}

'
    headers:
      Connection:
      - keep-alive
      Content-Length:
      - '27'
      Content-Type:
      - application/json
      Date:
      - Mon, 03 Aug 2020 09:14:48 GMT
      Via:
      - kong/2.0.3
      X-Amzn-Trace-Id:
      - None
      X-Kong-Proxy-Latency:
      - '0'
      X-Kong-Upstream-Latency:
      - '18'
      x-diesel-request-id:
      - f07435bb-f4be-43ea-913d-76a63c494755
    status:
      code: 200
      message: OK
- request:
    body: null
    headers:
      Accept:
      - '*/*'
      Accept-Encoding:
      - gzip, deflate
      Connection:
      - keep-alive
      Content-Length:
      - '0'
      User-Agent:
      - python-requests/2.24.0
    method: POST
    uri: https://diesel.panoramicstg.com/api/v1/federated/metadata/SF/columns?company_slug=operam&table_filter=METRICS3_STG.ADWORDS_VIEWS.ENTITY_CAMPAIGNS_FROM_SERVICE
  response:
    body:
      string: '{"job_id":"20d82a77-50a0-61b7-d22a-c66c2394aa00"}

'
    headers:
      Connection:
      - keep-alive
      Content-Length:
      - '50'
      Content-Type:
      - application/json
      Date:
      - Mon, 03 Aug 2020 09:14:48 GMT
      Via:
      - kong/2.0.3
      X-Amzn-Trace-Id:
      - None
      X-Kong-Proxy-Latency:
      - '0'
      X-Kong-Upstream-Latency:
      - '21'
      x-diesel-request-id:
      - 22404549-a5ea-43df-a72f-c31c1673404c
    status:
      code: 200
      message: OK
- request:
    body: null
    headers:
      Accept:
      - '*/*'
      Accept-Encoding:
      - gzip, deflate
      Connection:
      - keep-alive
      User-Agent:
      - python-requests/2.24.0
    method: GET
    uri: https://diesel.panoramicstg.com/api/v1/federated/metadata/job/20d82a77-50a0-61b7-d22a-c66c2394aa00
  response:
    body:
      string: '{"job_status":"RUNNING"}

'
    headers:
      Connection:
      - keep-alive
      Content-Length:
      - '25'
      Content-Type:
      - application/json
      Date:
      - Mon, 03 Aug 2020 09:14:49 GMT
      Via:
      - kong/2.0.3
      X-Amzn-Trace-Id:
      - None
      X-Kong-Proxy-Latency:
      - '1'
      X-Kong-Upstream-Latency:
      - '17'
      x-diesel-request-id:
      - f8890670-fbce-4bc3-aebb-f2301851a751
    status:
      code: 200
      message: OK
- request:
    body: null
    headers:
      Accept:
      - '*/*'
      Accept-Encoding:
      - gzip, deflate
      Connection:
      - keep-alive
      User-Agent:
      - python-requests/2.24.0
    method: GET
    uri: https://diesel.panoramicstg.com/api/v1/federated/metadata/job/20d82a77-50a0-61b7-d22a-c66c2394aa00
  response:
    body:
      string: '{"job_status":"COMPLETED"}

'
    headers:
      Connection:
      - keep-alive
      Content-Length:
      - '27'
      Content-Type:
      - application/json
      Date:
      - Mon, 03 Aug 2020 09:14:50 GMT
      Via:
      - kong/2.0.3
      X-Amzn-Trace-Id:
      - None
      X-Kong-Proxy-Latency:
      - '0'
      X-Kong-Upstream-Latency:
      - '17'
      x-diesel-request-id:
      - f794e1fa-5b9c-44a0-83be-60edda9129e5
    status:
      code: 200
      message: OK
- request:
    body: null
    headers:
      Accept:
      - '*/*'
      Accept-Encoding:
      - gzip, deflate
      Connection:
      - keep-alive
      User-Agent:
      - python-requests/2.24.0
    method: GET
    uri: https://diesel.panoramicstg.com/api/v1/federated/metadata/job/20d82a77-50a0-61b7-d22a-c66c2394aa00/results?offset=0&limit=500
  response:
    body:
      string: '{"data":[{"column_default":null,"column_name":"__RECORD_ID","data_type":"CHARACTER
        VARYING","is_nullable":"YES","ordinal_position":1,"table_name":"ENTITY_CAMPAIGNS_FROM_SERVICE","table_schema":"SF.METRICS3_STG.ADWORDS_VIEWS"},{"column_default":null,"column_name":"__DATA","data_type":"CHARACTER
        VARYING","is_nullable":"YES","ordinal_position":2,"table_name":"ENTITY_CAMPAIGNS_FROM_SERVICE","table_schema":"SF.METRICS3_STG.ADWORDS_VIEWS"},{"column_default":null,"column_name":"__PROCESSED_AT","data_type":"TIMESTAMP","is_nullable":"YES","ordinal_position":3,"table_name":"ENTITY_CAMPAIGNS_FROM_SERVICE","table_schema":"SF.METRICS3_STG.ADWORDS_VIEWS"},{"column_default":null,"column_name":"__EXTRACTED_AT","data_type":"TIMESTAMP","is_nullable":"YES","ordinal_position":4,"table_name":"ENTITY_CAMPAIGNS_FROM_SERVICE","table_schema":"SF.METRICS3_STG.ADWORDS_VIEWS"},{"column_default":null,"column_name":"__API_VERSION","data_type":"CHARACTER
        VARYING","is_nullable":"YES","ordinal_position":5,"table_name":"ENTITY_CAMPAIGNS_FROM_SERVICE","table_schema":"SF.METRICS3_STG.ADWORDS_VIEWS"},{"column_default":null,"column_name":"CUSTOMER_ID","data_type":"CHARACTER
        VARYING","is_nullable":"YES","ordinal_position":6,"table_name":"ENTITY_CAMPAIGNS_FROM_SERVICE","table_schema":"SF.METRICS3_STG.ADWORDS_VIEWS"},{"column_default":null,"column_name":"ID","data_type":"CHARACTER
        VARYING","is_nullable":"YES","ordinal_position":7,"table_name":"ENTITY_CAMPAIGNS_FROM_SERVICE","table_schema":"SF.METRICS3_STG.ADWORDS_VIEWS"},{"column_default":null,"column_name":"CAMPAIGN_ID","data_type":"CHARACTER
        VARYING","is_nullable":"YES","ordinal_position":8,"table_name":"ENTITY_CAMPAIGNS_FROM_SERVICE","table_schema":"SF.METRICS3_STG.ADWORDS_VIEWS"},{"column_default":null,"column_name":"AD_GROUP_AD_ROTATION_MODE","data_type":"CHARACTER
        VARYING","is_nullable":"YES","ordinal_position":9,"table_name":"ENTITY_CAMPAIGNS_FROM_SERVICE","table_schema":"SF.METRICS3_STG.ADWORDS_VIEWS"},{"column_default":null,"column_name":"AD_GROUP_TYPE","data_type":"CHARACTER
        VARYING","is_nullable":"YES","ordinal_position":10,"table_name":"ENTITY_CAMPAIGNS_FROM_SERVICE","table_schema":"SF.METRICS3_STG.ADWORDS_VIEWS"},{"column_default":null,"column_name":"BASE_AD_GROUP_ID","data_type":"CHARACTER
        VARYING","is_nullable":"YES","ordinal_position":11,"table_name":"ENTITY_CAMPAIGNS_FROM_SERVICE","table_schema":"SF.METRICS3_STG.ADWORDS_VIEWS"},{"column_default":null,"column_name":"BIDDING_STRATEGY_CONFIGURATION","data_type":"CHARACTER
        VARYING","is_nullable":"YES","ordinal_position":12,"table_name":"ENTITY_CAMPAIGNS_FROM_SERVICE","table_schema":"SF.METRICS3_STG.ADWORDS_VIEWS"},{"column_default":null,"column_name":"CAMPAIGN_NAME","data_type":"CHARACTER
        VARYING","is_nullable":"YES","ordinal_position":13,"table_name":"ENTITY_CAMPAIGNS_FROM_SERVICE","table_schema":"SF.METRICS3_STG.ADWORDS_VIEWS"},{"column_default":null,"column_name":"CONTENT_BID_CRITERION_TYPE_GROUP","data_type":"CHARACTER
        VARYING","is_nullable":"YES","ordinal_position":14,"table_name":"ENTITY_CAMPAIGNS_FROM_SERVICE","table_schema":"SF.METRICS3_STG.ADWORDS_VIEWS"},{"column_default":null,"column_name":"FINAL_URL_SUFFIX","data_type":"CHARACTER
        VARYING","is_nullable":"YES","ordinal_position":15,"table_name":"ENTITY_CAMPAIGNS_FROM_SERVICE","table_schema":"SF.METRICS3_STG.ADWORDS_VIEWS"},{"column_default":null,"column_name":"NAME","data_type":"CHARACTER
        VARYING","is_nullable":"YES","ordinal_position":16,"table_name":"ENTITY_CAMPAIGNS_FROM_SERVICE","table_schema":"SF.METRICS3_STG.ADWORDS_VIEWS"},{"column_default":null,"column_name":"STATUS","data_type":"CHARACTER
        VARYING","is_nullable":"YES","ordinal_position":17,"table_name":"ENTITY_CAMPAIGNS_FROM_SERVICE","table_schema":"SF.METRICS3_STG.ADWORDS_VIEWS"},{"column_default":null,"column_name":"TRACKING_URL_TEMPLATE","data_type":"CHARACTER
        VARYING","is_nullable":"YES","ordinal_position":18,"table_name":"ENTITY_CAMPAIGNS_FROM_SERVICE","table_schema":"SF.METRICS3_STG.ADWORDS_VIEWS"},{"column_default":null,"column_name":"URL_CUSTOM_PARAMETERS","data_type":"CHARACTER
        VARYING","is_nullable":"YES","ordinal_position":19,"table_name":"ENTITY_CAMPAIGNS_FROM_SERVICE","table_schema":"SF.METRICS3_STG.ADWORDS_VIEWS"},{"column_default":null,"column_name":"SETTINGS","data_type":"CHARACTER
        VARYING","is_nullable":"YES","ordinal_position":20,"table_name":"ENTITY_CAMPAIGNS_FROM_SERVICE","table_schema":"SF.METRICS3_STG.ADWORDS_VIEWS"},{"column_default":null,"column_name":"FORWARD_COMPATIBILITY_MAP","data_type":"CHARACTER
        VARYING","is_nullable":"YES","ordinal_position":21,"table_name":"ENTITY_CAMPAIGNS_FROM_SERVICE","table_schema":"SF.METRICS3_STG.ADWORDS_VIEWS"},{"column_default":null,"column_name":"LABELS","data_type":"CHARACTER
        VARYING","is_nullable":"YES","ordinal_position":22,"table_name":"ENTITY_CAMPAIGNS_FROM_SERVICE","table_schema":"SF.METRICS3_STG.ADWORDS_VIEWS"}]}

'
    headers:
      Connection:
      - keep-alive
      Content-Length:
      - '4858'
      Content-Type:
      - application/json
      Date:
      - Mon, 03 Aug 2020 09:14:50 GMT
      Via:
      - kong/2.0.3
      X-Amzn-Trace-Id:
      - None
      X-Kong-Proxy-Latency:
      - '1'
      X-Kong-Upstream-Latency:
      - '21'
      x-diesel-request-id:
      - dab2bcd3-1eff-47d1-87fa-d2256fafa795
    status:
      code: 200
      message: OK
- request:
    body: null
    headers:
      Accept:
      - '*/*'
      Accept-Encoding:
      - gzip, deflate
      Connection:
      - keep-alive
      Content-Length:
      - '0'
      User-Agent:
      - python-requests/2.24.0
    method: POST
    uri: https://diesel.panoramicstg.com/api/v1/federated/metadata/SF/refresh?table_name=METRICS3_STG.ADWORDS_VIEWS.ENTITY_USER_LISTS&company_slug=operam
  response:
    body:
      string: '{"job_id":"20d82a75-2886-cb09-91c3-f5af382a8600"}

'
    headers:
      Connection:
      - keep-alive
      Content-Length:
      - '50'
      Content-Type:
      - application/json
      Date:
      - Mon, 03 Aug 2020 09:14:50 GMT
      Via:
      - kong/2.0.3
      X-Amzn-Trace-Id:
      - None
      X-Kong-Proxy-Latency:
      - '1'
      X-Kong-Upstream-Latency:
      - '22'
      x-diesel-request-id:
      - bf4e5f39-4a94-4a88-ad62-5b0cdb994521
    status:
      code: 200
      message: OK
- request:
    body: null
    headers:
      Accept:
      - '*/*'
      Accept-Encoding:
      - gzip, deflate
      Connection:
      - keep-alive
      User-Agent:
      - python-requests/2.24.0
    method: GET
    uri: https://diesel.panoramicstg.com/api/v1/federated/metadata/job/20d82a75-2886-cb09-91c3-f5af382a8600
  response:
    body:
      string: '{"job_status":"METADATA_RETRIEVAL"}

'
    headers:
      Connection:
      - keep-alive
      Content-Length:
      - '36'
      Content-Type:
      - application/json
      Date:
      - Mon, 03 Aug 2020 09:14:50 GMT
      Via:
      - kong/2.0.3
      X-Amzn-Trace-Id:
      - None
      X-Kong-Proxy-Latency:
      - '0'
      X-Kong-Upstream-Latency:
      - '15'
      x-diesel-request-id:
      - e95de36a-df6a-4287-8c94-91d7b2bac4aa
    status:
      code: 200
      message: OK
- request:
    body: null
    headers:
      Accept:
      - '*/*'
      Accept-Encoding:
      - gzip, deflate
      Connection:
      - keep-alive
      User-Agent:
      - python-requests/2.24.0
    method: GET
    uri: https://diesel.panoramicstg.com/api/v1/federated/metadata/job/20d82a75-2886-cb09-91c3-f5af382a8600
  response:
    body:
      string: '{"job_status":"METADATA_RETRIEVAL"}

'
    headers:
      Connection:
      - keep-alive
      Content-Length:
      - '36'
      Content-Type:
      - application/json
      Date:
      - Mon, 03 Aug 2020 09:14:51 GMT
      Via:
      - kong/2.0.3
      X-Amzn-Trace-Id:
      - None
      X-Kong-Proxy-Latency:
      - '0'
      X-Kong-Upstream-Latency:
      - '15'
      x-diesel-request-id:
      - 399d3fb5-9694-405b-b60a-64bc329b4ef2
    status:
      code: 200
      message: OK
- request:
    body: null
    headers:
      Accept:
      - '*/*'
      Accept-Encoding:
      - gzip, deflate
      Connection:
      - keep-alive
      User-Agent:
      - python-requests/2.24.0
    method: GET
    uri: https://diesel.panoramicstg.com/api/v1/federated/metadata/job/20d82a75-2886-cb09-91c3-f5af382a8600
  response:
    body:
      string: '{"job_status":"COMPLETED"}

'
    headers:
      Connection:
      - keep-alive
      Content-Length:
      - '27'
      Content-Type:
      - application/json
      Date:
      - Mon, 03 Aug 2020 09:14:53 GMT
      Via:
      - kong/2.0.3
      X-Amzn-Trace-Id:
      - None
      X-Kong-Proxy-Latency:
      - '1'
      X-Kong-Upstream-Latency:
      - '16'
      x-diesel-request-id:
      - d786d3f1-930e-4c06-b805-d811a76647c4
    status:
      code: 200
      message: OK
- request:
    body: null
    headers:
      Accept:
      - '*/*'
      Accept-Encoding:
      - gzip, deflate
      Connection:
      - keep-alive
      Content-Length:
      - '0'
      User-Agent:
      - python-requests/2.24.0
    method: POST
    uri: https://diesel.panoramicstg.com/api/v1/federated/metadata/SF/columns?company_slug=operam&table_filter=METRICS3_STG.ADWORDS_VIEWS.ENTITY_USER_LISTS
  response:
    body:
      string: '{"job_id":"20d82a72-4796-6873-ccf0-22a3ccf6bb00"}

'
    headers:
      Connection:
      - keep-alive
      Content-Length:
      - '50'
      Content-Type:
      - application/json
      Date:
      - Mon, 03 Aug 2020 09:14:53 GMT
      Via:
      - kong/2.0.3
      X-Amzn-Trace-Id:
      - None
      X-Kong-Proxy-Latency:
      - '1'
      X-Kong-Upstream-Latency:
      - '25'
      x-diesel-request-id:
      - 1444bc9a-579d-4a58-b42c-a7f561edf928
    status:
      code: 200
      message: OK
- request:
    body: null
    headers:
      Accept:
      - '*/*'
      Accept-Encoding:
      - gzip, deflate
      Connection:
      - keep-alive
      User-Agent:
      - python-requests/2.24.0
    method: GET
    uri: https://diesel.panoramicstg.com/api/v1/federated/metadata/job/20d82a72-4796-6873-ccf0-22a3ccf6bb00
  response:
    body:
      string: '{"job_status":"RUNNING"}

'
    headers:
      Connection:
      - keep-alive
      Content-Length:
      - '25'
      Content-Type:
      - application/json
      Date:
      - Mon, 03 Aug 2020 09:14:53 GMT
      Via:
      - kong/2.0.3
      X-Amzn-Trace-Id:
      - None
      X-Kong-Proxy-Latency:
      - '0'
      X-Kong-Upstream-Latency:
      - '18'
      x-diesel-request-id:
      - d6706720-36be-41c1-9276-2a5553a27fe0
    status:
      code: 200
      message: OK
- request:
    body: null
    headers:
      Accept:
      - '*/*'
      Accept-Encoding:
      - gzip, deflate
      Connection:
      - keep-alive
      User-Agent:
      - python-requests/2.24.0
    method: GET
    uri: https://diesel.panoramicstg.com/api/v1/federated/metadata/job/20d82a72-4796-6873-ccf0-22a3ccf6bb00
  response:
    body:
      string: '{"job_status":"COMPLETED"}

'
    headers:
      Connection:
      - keep-alive
      Content-Length:
      - '27'
      Content-Type:
      - application/json
      Date:
      - Mon, 03 Aug 2020 09:14:54 GMT
      Via:
      - kong/2.0.3
      X-Amzn-Trace-Id:
      - None
      X-Kong-Proxy-Latency:
      - '1'
      X-Kong-Upstream-Latency:
      - '17'
      x-diesel-request-id:
      - 3a3f3678-affd-4aa2-a6d7-7b0264cb82b0
    status:
      code: 200
      message: OK
- request:
    body: null
    headers:
      Accept:
      - '*/*'
      Accept-Encoding:
      - gzip, deflate
      Connection:
      - keep-alive
      User-Agent:
      - python-requests/2.24.0
    method: GET
    uri: https://diesel.panoramicstg.com/api/v1/federated/metadata/job/20d82a72-4796-6873-ccf0-22a3ccf6bb00/results?offset=0&limit=500
  response:
    body:
      string: '{"data":[{"column_default":null,"column_name":"__RECORD_ID","data_type":"CHARACTER
        VARYING","is_nullable":"YES","ordinal_position":1,"table_name":"ENTITY_USER_LISTS","table_schema":"SF.METRICS3_STG.ADWORDS_VIEWS"},{"column_default":null,"column_name":"__DATA","data_type":"CHARACTER
        VARYING","is_nullable":"YES","ordinal_position":2,"table_name":"ENTITY_USER_LISTS","table_schema":"SF.METRICS3_STG.ADWORDS_VIEWS"},{"column_default":null,"column_name":"__PROCESSED_AT","data_type":"TIMESTAMP","is_nullable":"YES","ordinal_position":3,"table_name":"ENTITY_USER_LISTS","table_schema":"SF.METRICS3_STG.ADWORDS_VIEWS"},{"column_default":null,"column_name":"__EXTRACTED_AT","data_type":"TIMESTAMP","is_nullable":"YES","ordinal_position":4,"table_name":"ENTITY_USER_LISTS","table_schema":"SF.METRICS3_STG.ADWORDS_VIEWS"},{"column_default":null,"column_name":"__API_VERSION","data_type":"CHARACTER
        VARYING","is_nullable":"YES","ordinal_position":5,"table_name":"ENTITY_USER_LISTS","table_schema":"SF.METRICS3_STG.ADWORDS_VIEWS"},{"column_default":null,"column_name":"CUSTOMER_ID","data_type":"CHARACTER
        VARYING","is_nullable":"YES","ordinal_position":6,"table_name":"ENTITY_USER_LISTS","table_schema":"SF.METRICS3_STG.ADWORDS_VIEWS"},{"column_default":null,"column_name":"USER_LIST_ID","data_type":"CHARACTER
        VARYING","is_nullable":"YES","ordinal_position":7,"table_name":"ENTITY_USER_LISTS","table_schema":"SF.METRICS3_STG.ADWORDS_VIEWS"},{"column_default":null,"column_name":"USER_LIST_TYPE","data_type":"CHARACTER
        VARYING","is_nullable":"YES","ordinal_position":8,"table_name":"ENTITY_USER_LISTS","table_schema":"SF.METRICS3_STG.ADWORDS_VIEWS"},{"column_default":null,"column_name":"ACCESS_REASON","data_type":"CHARACTER
        VARYING","is_nullable":"YES","ordinal_position":9,"table_name":"ENTITY_USER_LISTS","table_schema":"SF.METRICS3_STG.ADWORDS_VIEWS"},{"column_default":null,"column_name":"ACCOUNT_USER_LIST_STATUS","data_type":"CHARACTER
        VARYING","is_nullable":"YES","ordinal_position":10,"table_name":"ENTITY_USER_LISTS","table_schema":"SF.METRICS3_STG.ADWORDS_VIEWS"},{"column_default":null,"column_name":"CLOSING_REASON","data_type":"CHARACTER
        VARYING","is_nullable":"YES","ordinal_position":11,"table_name":"ENTITY_USER_LISTS","table_schema":"SF.METRICS3_STG.ADWORDS_VIEWS"},{"column_default":null,"column_name":"DESCRIPTION","data_type":"CHARACTER
        VARYING","is_nullable":"YES","ordinal_position":12,"table_name":"ENTITY_USER_LISTS","table_schema":"SF.METRICS3_STG.ADWORDS_VIEWS"},{"column_default":null,"column_name":"INTEGRATION_CODE","data_type":"CHARACTER
        VARYING","is_nullable":"YES","ordinal_position":13,"table_name":"ENTITY_USER_LISTS","table_schema":"SF.METRICS3_STG.ADWORDS_VIEWS"},{"column_default":null,"column_name":"IS_ELIGIBLE_FOR_DISPLAY","data_type":"BOOLEAN","is_nullable":"YES","ordinal_position":14,"table_name":"ENTITY_USER_LISTS","table_schema":"SF.METRICS3_STG.ADWORDS_VIEWS"},{"column_default":null,"column_name":"IS_ELIGIBLE_FOR_SEARCH","data_type":"BOOLEAN","is_nullable":"YES","ordinal_position":15,"table_name":"ENTITY_USER_LISTS","table_schema":"SF.METRICS3_STG.ADWORDS_VIEWS"},{"column_default":null,"column_name":"IS_READ_ONLY","data_type":"BOOLEAN","is_nullable":"YES","ordinal_position":16,"table_name":"ENTITY_USER_LISTS","table_schema":"SF.METRICS3_STG.ADWORDS_VIEWS"},{"column_default":null,"column_name":"LIST_TYPE","data_type":"CHARACTER
        VARYING","is_nullable":"YES","ordinal_position":17,"table_name":"ENTITY_USER_LISTS","table_schema":"SF.METRICS3_STG.ADWORDS_VIEWS"},{"column_default":null,"column_name":"MEMBERSHIP_LIFE_SPAN","data_type":"DECIMAL","is_nullable":"YES","ordinal_position":18,"table_name":"ENTITY_USER_LISTS","table_schema":"SF.METRICS3_STG.ADWORDS_VIEWS"},{"column_default":null,"column_name":"USER_LIST","data_type":"CHARACTER
        VARYING","is_nullable":"YES","ordinal_position":19,"table_name":"ENTITY_USER_LISTS","table_schema":"SF.METRICS3_STG.ADWORDS_VIEWS"},{"column_default":null,"column_name":"SIZE","data_type":"DECIMAL","is_nullable":"YES","ordinal_position":20,"table_name":"ENTITY_USER_LISTS","table_schema":"SF.METRICS3_STG.ADWORDS_VIEWS"},{"column_default":null,"column_name":"SIZE_FOR_SEARCH","data_type":"DECIMAL","is_nullable":"YES","ordinal_position":21,"table_name":"ENTITY_USER_LISTS","table_schema":"SF.METRICS3_STG.ADWORDS_VIEWS"},{"column_default":null,"column_name":"SIZE_RANGE","data_type":"CHARACTER
        VARYING","is_nullable":"YES","ordinal_position":22,"table_name":"ENTITY_USER_LISTS","table_schema":"SF.METRICS3_STG.ADWORDS_VIEWS"},{"column_default":null,"column_name":"SIZE_RANGE_FOR_SEARCH","data_type":"CHARACTER
        VARYING","is_nullable":"YES","ordinal_position":23,"table_name":"ENTITY_USER_LISTS","table_schema":"SF.METRICS3_STG.ADWORDS_VIEWS"},{"column_default":null,"column_name":"STATUS","data_type":"CHARACTER
        VARYING","is_nullable":"YES","ordinal_position":24,"table_name":"ENTITY_USER_LISTS","table_schema":"SF.METRICS3_STG.ADWORDS_VIEWS"}]}

'
    headers:
      Connection:
      - keep-alive
      Content-Length:
      - '4930'
      Content-Type:
      - application/json
      Date:
      - Mon, 03 Aug 2020 09:14:54 GMT
      Via:
      - kong/2.0.3
      X-Amzn-Trace-Id:
      - None
      X-Kong-Proxy-Latency:
      - '0'
      X-Kong-Upstream-Latency:
      - '19'
      x-diesel-request-id:
      - 6b6b1175-6ad5-458f-97e1-f8b433f056c8
    status:
      code: 200
      message: OK
version: 1
